BL51 BANKED LINKER/LOCATER V6.22.2.0                                                    12/31/2022  22:54:58  PAGE 1


BL51 BANKED LINKER/LOCATER V6.22.2.0, INVOKED BY:
C:\KEIL\KEIL C51\C51\BIN\BL51.EXE .\list\main.obj, .\list\GPIO.obj, .\list\delay.obj, .\list\UART.obj, .\list\timer.obj,
>>  .\list\ADC.obj, .\list\oled.obj, .\list\beep.obj, .\list\key.obj, .\list\Ch224d.obj, .\list\EEPROM.obj, .\list\Inter
>> face.obj, .\list\PWM.obj, .\list\Spark_T12_PID.obj, .\list\sleep.obj TO .\list\timer PRINT (.\list\timer.m51) RAMSIZE
>>  (256)




PROGRAM RECURSIONS REMOVED FROM CALL TREE
=========================================
+--> ?PR?INTERFACE_SHOW?INTERFACE
<--+ ?PR?SLEEP_MODE?SLEEP



MEMORY MODEL: LARGE WITH FLOATING POINT ARITHMETIC


INPUT MODULES INCLUDED:
  .\list\main.obj (MAIN)
  .\list\GPIO.obj (GPIO)
  .\list\delay.obj (DELAY)
  .\list\UART.obj (UART)
  .\list\timer.obj (TIMER)
  .\list\ADC.obj (ADC)
  .\list\oled.obj (OLED)
  .\list\beep.obj (BEEP)
  .\list\key.obj (KEY)
  .\list\Ch224d.obj (CH224D)
  .\list\EEPROM.obj (EEPROM)
  .\list\Interface.obj (INTERFACE)
  .\list\PWM.obj (PWM)
  .\list\Spark_T12_PID.obj (SPARK_T12_PID)
  .\list\sleep.obj (SLEEP)
  C:\KEIL\KEIL C51\C51\LIB\C51FPL.LIB (?C?FPADD)
  C:\KEIL\KEIL C51\C51\LIB\C51FPL.LIB (?C?FPMUL)
  C:\KEIL\KEIL C51\C51\LIB\C51FPL.LIB (?C?FCAST)
  C:\KEIL\KEIL C51\C51\LIB\C51FPL.LIB (?C?CASTF)
  C:\KEIL\KEIL C51\C51\LIB\C51FPL.LIB (POW)
  C:\KEIL\KEIL C51\C51\LIB\C51FPL.LIB (?C?FPGETOPN)
  C:\KEIL\KEIL C51\C51\LIB\C51FPL.LIB (?C?CHKFLOAT)
  C:\KEIL\KEIL C51\C51\LIB\C51FPL.LIB (?C?FPCMP)
  C:\KEIL\KEIL C51\C51\LIB\C51FPL.LIB (?C?FPNEG)
  C:\KEIL\KEIL C51\C51\LIB\C51FPL.LIB (EXP)
  C:\KEIL\KEIL C51\C51\LIB\C51FPL.LIB (LOG)
  C:\KEIL\KEIL C51\C51\LIB\C51FPL.LIB (?C?FPDIV)
  C:\KEIL\KEIL C51\C51\LIB\C51FPL.LIB (?C?FPSERIES)
  C:\KEIL\KEIL C51\C51\LIB\C51L.LIB (?C_STARTUP)
  C:\KEIL\KEIL C51\C51\LIB\C51L.LIB (?C?CLDPTR)
  C:\KEIL\KEIL C51\C51\LIB\C51L.LIB (?C?CLDOPTR)
  C:\KEIL\KEIL C51\C51\LIB\C51L.LIB (?C?CSTPTR)
  C:\KEIL\KEIL C51\C51\LIB\C51L.LIB (?C?IMUL)
  C:\KEIL\KEIL C51\C51\LIB\C51L.LIB (?C?UIDIV)
  C:\KEIL\KEIL C51\C51\LIB\C51L.LIB (?C?SIDIV)
  C:\KEIL\KEIL C51\C51\LIB\C51L.LIB (?C?IILDX)
  C:\KEIL\KEIL C51\C51\LIB\C51L.LIB (?C?ILDOPTR)
  C:\KEIL\KEIL C51\C51\LIB\C51L.LIB (?C?LMUL)
BL51 BANKED LINKER/LOCATER V6.22.2.0                                                  12/31/2022  22:54:58  PAGE 2


  C:\KEIL\KEIL C51\C51\LIB\C51L.LIB (?C?ULDIV)
  C:\KEIL\KEIL C51\C51\LIB\C51L.LIB (?C?LNEG)
  C:\KEIL\KEIL C51\C51\LIB\C51L.LIB (?C?SLCMP)
  C:\KEIL\KEIL C51\C51\LIB\C51L.LIB (?C?ULCMP)
  C:\KEIL\KEIL C51\C51\LIB\C51L.LIB (?C?ULSHR)
  C:\KEIL\KEIL C51\C51\LIB\C51L.LIB (?C?LLDCODE)
  C:\KEIL\KEIL C51\C51\LIB\C51L.LIB (?C?LLDXDATA0)
  C:\KEIL\KEIL C51\C51\LIB\C51L.LIB (?C?LLDCODE0)
  C:\KEIL\KEIL C51\C51\LIB\C51L.LIB (?C?LLDOPTR0)
  C:\KEIL\KEIL C51\C51\LIB\C51L.LIB (?C?LSTXDATA)
  C:\KEIL\KEIL C51\C51\LIB\C51L.LIB (?C?LSTKXDATA)
  C:\KEIL\KEIL C51\C51\LIB\C51L.LIB (ABS)
  C:\KEIL\KEIL C51\C51\LIB\C51L.LIB (?C_INIT)
  C:\KEIL\KEIL C51\C51\LIB\C51L.LIB (?C?LLDIDATA0)
  C:\KEIL\KEIL C51\C51\LIB\C51L.LIB (?C?LLDPDATA0)


LINK MAP OF MODULE:  .\list\timer (MAIN)


            TYPE    BASE      LENGTH    RELOCATION   SEGMENT NAME
            -----------------------------------------------------

            * * * * * * *   D A T A   M E M O R Y   * * * * * * *
            REG     0000H     0008H     ABSOLUTE     "REG BANK 0"
                    0008H     0018H                  *** GAP ***
            BIT     0020H.0   0000H.3   UNIT         _BIT_GROUP_
            BIT     0020H.3   0000H.1   UNIT         ?BI?SLEEP
                    0020H.4   0000H.4                *** GAP ***
            IDATA   0021H     0001H     UNIT         ?STACK

            * * * * * * *  X D A T A   M E M O R Y  * * * * * * *
            XDATA   0000H     0107H     UNIT         ?XD?UART
            XDATA   0107H     0049H     UNIT         _XDATA_GROUP_
            XDATA   0150H     001BH     UNIT         ?XD?MAIN
            XDATA   016BH     0012H     UNIT         ?XD?SPARK_T12_PID
            XDATA   017DH     0009H     UNIT         ?XD?INTERFACE
            XDATA   0186H     0008H     UNIT         ?XD?SLEEP
            XDATA   018EH     0007H     UNIT         ?XD?_UART_CONFIGURATION?UART
            XDATA   0195H     0006H     UNIT         ?XD?TIMER
            XDATA   019BH     0002H     UNIT         ?XD?CH224D
            XDATA   019DH     0001H     UNIT         ?XD?KEY

            * * * * * * *   C O D E   M E M O R Y   * * * * * * *
            CODE    0000H     0003H     ABSOLUTE     
            CODE    0003H     0004H     UNIT         ?PR?ADC_INT?ADC
            CODE    0007H     0003H     UNIT         ?PR?TIMER2_INT?TIMER
                    000AH     0001H                  *** GAP ***
            CODE    000BH     0003H     ABSOLUTE     
            CODE    000EH     000DH     UNIT         ?PR?_ADC_POWERCONTROL?ADC
            CODE    001BH     0003H     ABSOLUTE     
                    001EH     0005H                  *** GAP ***
            CODE    0023H     0003H     ABSOLUTE     
                    0026H     0005H                  *** GAP ***
            CODE    002BH     0003H     ABSOLUTE     
            CODE    002EH     0033H     UNIT         ?PR?POWER_RECORD?CH224D
                    0061H     0002H                  *** GAP ***
BL51 BANKED LINKER/LOCATER V6.22.2.0                                                  12/31/2022  22:54:58  PAGE 3


            CODE    0063H     0003H     ABSOLUTE     
            CODE    0066H     0B2AH     UNIT         ?CO?OLED
            CODE    0B90H     07A9H     UNIT         ?C?LIB_CODE
            CODE    1339H     039EH     UNIT         ?PR?SHOW_3?INTERFACE
            CODE    16D7H     032CH     UNIT         ?PR?_TIMER_INILIZE?TIMER
            CODE    1A03H     02F3H     UNIT         ?PR?INTERFACE_SHOW?INTERFACE
            CODE    1CF6H     0277H     UNIT         ?PR?_GPIO_INILIZE?GPIO
            CODE    1F6DH     0246H     UNIT         ?PR?_UART_CONFIGURATION?UART
            CODE    21B3H     0166H     UNIT         ?PR?_POW?POW
            CODE    2319H     0161H     UNIT         ?PR?_PWM_CONFIGURATION?PWM
            CODE    247AH     0156H     UNIT         ?PR?_ORDER_FITTING?SPARK_T12_PID
            CODE    25D0H     0148H     UNIT         ?PR?_FILTER?SPARK_T12_PID
            CODE    2718H     0134H     UNIT         ?PR?TIMER0_INT?TIMER
            CODE    284CH     012FH     UNIT         ?PR?_OLED_SHOWCHAR?OLED
            CODE    297BH     0129H     UNIT         ?PR?LOG?LOG
            CODE    2AA4H     0122H     UNIT         ?PR?SHOW_1?INTERFACE
            CODE    2BC6H     00E0H     UNIT         ?PR?_OLED_SHOWNUM?OLED
            CODE    2CA6H     00D6H     UNIT         ?PR?_PID?SPARK_T12_PID
            CODE    2D7CH     00C7H     UNIT         ?PR?_ADC_INILIZE?ADC
            CODE    2E43H     00B5H     UNIT         ?PR?SHOW_2?INTERFACE
            CODE    2EF8H     00B0H     UNIT         ?PR?SLEEP_SHOW?SLEEP
            CODE    2FA8H     00AFH     UNIT         ?PR?_OLED_SHOWCHINESE?OLED
            CODE    3057H     009EH     UNIT         ?PR?TIMER1_INT?TIMER
            CODE    30F5H     009AH     UNIT         ?PR?EXP?EXP
            CODE    318FH     0099H     UNIT         ?PR?OLED_INIT?OLED
            CODE    3228H     008CH     UNIT         ?C_C51STARTUP
            CODE    32B4H     0087H     UNIT         ?PR?UART1_INT?UART
            CODE    333BH     0086H     UNIT         ?PR?SHOW_4?INTERFACE
            CODE    33C1H     0084H     UNIT         ?PR?_GET_ADCRESULT?ADC
            CODE    3445H     0083H     UNIT         ?PR?GPIO_CONFIG?MAIN
            CODE    34C8H     0071H     UNIT         ?PR?_OLED_SHOWSTRING?OLED
            CODE    3539H     0068H     UNIT         ?PR?TIMER_CONFIG?MAIN
            CODE    35A1H     0067H     UNIT         ?PR?KEY_ADD?KEY
            CODE    3608H     0065H     UNIT         ?PR?KEY_LESSEN?KEY
            CODE    366DH     005BH     UNIT         ?PR?KEY_MODE?KEY
            CODE    36C8H     0052H     UNIT         ?PR?POWER_INIT?CH224D
            CODE    371AH     0050H     UNIT         ?PR?BEEP?BEEP
            CODE    376AH     004EH     UNIT         ?PR?_WRITE_ROM?EEPROM
            CODE    37B8H     0049H     UNIT         ?PR?_OLED_POW?OLED
            CODE    3801H     0048H     UNIT         ?PR?SLEEP_PWM_RST?SLEEP
            CODE    3849H     0048H     UNIT         ?PR?SLEEP_MODE?SLEEP
            CODE    3891H     0047H     UNIT         ?PR?PWM_CONFIG?MAIN
            CODE    38D8H     0047H     UNIT         ?PR?MAIN?MAIN
            CODE    391FH     0047H     UNIT         ?PR?SLEEP_PWM_SET?SLEEP
            CODE    3966H     0045H     UNIT         ?C_INITSEG
            CODE    39ABH     0043H     UNIT         ?PR?_POWER?CH224D
            CODE    39EEH     003FH     UNIT         ?PR?V_DATA_OUT?CH224D
            CODE    3A2DH     003CH     UNIT         ?PR?OLED_CLEAR?OLED
            CODE    3A69H     003AH     UNIT         ?CO?INTERFACE
            CODE    3AA3H     0039H     UNIT         ?PR?_EEPROM_WRITE_N?EEPROM
            CODE    3ADCH     0032H     UNIT         ?PR?_EEPROM_READ_N?EEPROM
            CODE    3B0EH     0031H     UNIT         ?PR?_TX1_WRITE2BUFF?UART
            CODE    3B3FH     0031H     UNIT         ?PR?_OLED_WR_BYTE?OLED
            CODE    3B70H     002CH     UNIT         ?PR?_SEND_BYTE?OLED
            CODE    3B9CH     002BH     UNIT         ?PR?ADC_CONFIG?MAIN
            CODE    3BC7H     002AH     UNIT         ?PR?_OLED_DISPLAYTURN?OLED
            CODE    3BF1H     0029H     UNIT         ?PR?_OLED_SET_POS?OLED
BL51 BANKED LINKER/LOCATER V6.22.2.0                                                  12/31/2022  22:54:58  PAGE 4


            CODE    3C1AH     0024H     UNIT         ?PR?_READ_ROM?EEPROM
            CODE    3C3EH     001CH     UNIT         ?PR?_OLED_COLORTURN?OLED
            CODE    3C5AH     001CH     UNIT         ?PR?_UPDATEPWM?PWM
            CODE    3C76H     001AH     UNIT         ?PR?EEPROM_TRIG?EEPROM
            CODE    3C90H     001AH     UNIT         ?PR?SHOW_INIT?INTERFACE
            CODE    3CAAH     0017H     UNIT         ?PR?_DELAY_MS?DELAY
            CODE    3CC1H     0013H     UNIT         ?PR?_PRINTSTRING1?UART
            CODE    3CD4H     0013H     UNIT         ?PR?_EEPROM_SECTORERASE?EEPROM
            CODE    3CE7H     000FH     UNIT         ?PR?I2C_START?OLED
            CODE    3CF6H     000FH     UNIT         ?PR?I2C_WAITACK?OLED
            CODE    3D05H     000EH     UNIT         ?PR?DISABLEEEPROM?EEPROM
            CODE    3D13H     000CH     UNIT         ?PR?_ABS?ABS
            CODE    3D1FH     000AH     UNIT         ?PR?I2C_STOP?OLED
            CODE    3D29H     0009H     UNIT         ?PR?IIC_DELAY?OLED



OVERLAY MAP OF MODULE:   .\list\timer (MAIN)


SEGMENT                                     BIT_GROUP          XDATA_GROUP
  +--> CALLED SEGMENT                    START    LENGTH     START    LENGTH
----------------------------------------------------------------------------
?PR?TIMER0_INT?TIMER                     -----    -----      -----    -----
  +--> ?PR?_GET_ADCRESULT?ADC
  +--> ?PR?_UPDATEPWM?PWM
  +--> ?PR?_FILTER?SPARK_T12_PID
  +--> ?PR?_ORDER_FITTING?SPARK_T12_PID
  +--> ?PR?_PID?SPARK_T12_PID

?PR?_GET_ADCRESULT?ADC                   -----    -----      0137H    0002H

?PR?_FILTER?SPARK_T12_PID                -----    -----      0107H    0030H
  +--> ?PR?_GET_ADCRESULT?ADC

?PR?_ORDER_FITTING?SPARK_T12_PID         -----    -----      0107H    0002H
  +--> ?PR?_POW?POW

?PR?_POW?POW                             -----    -----      0109H    000AH
  +--> ?PR?LOG?LOG
  +--> ?PR?EXP?EXP

?PR?LOG?LOG                              0020H.0  0000H.1    0113H    0004H

?PR?_PID?SPARK_T12_PID                   -----    -----      -----    -----
  +--> ?PR?_ABS?ABS

*** NEW ROOT ***************************************************

?C_C51STARTUP                            -----    -----      -----    -----
  +--> ?PR?MAIN?MAIN
  +--> ?C_INITSEG

?PR?MAIN?MAIN                            -----    -----      -----    -----
  +--> ?PR?GPIO_CONFIG?MAIN
  +--> ?PR?ADC_CONFIG?MAIN
  +--> ?PR?TIMER_CONFIG?MAIN
BL51 BANKED LINKER/LOCATER V6.22.2.0                                                  12/31/2022  22:54:58  PAGE 5


  +--> ?PR?PWM_CONFIG?MAIN
  +--> ?PR?OLED_INIT?OLED
  +--> ?PR?_OLED_COLORTURN?OLED
  +--> ?PR?_OLED_DISPLAYTURN?OLED
  +--> ?PR?_UPDATEPWM?PWM
  +--> ?PR?OLED_CLEAR?OLED
  +--> ?PR?SHOW_INIT?INTERFACE
  +--> ?PR?POWER_INIT?CH224D
  +--> ?PR?INTERFACE_SHOW?INTERFACE

?PR?GPIO_CONFIG?MAIN                     -----    -----      0139H    0002H
  +--> ?PR?_GPIO_INILIZE?GPIO

?PR?ADC_CONFIG?MAIN                      -----    -----      0139H    0008H
  +--> ?PR?_ADC_INILIZE?ADC
  +--> ?PR?_ADC_POWERCONTROL?ADC

?PR?TIMER_CONFIG?MAIN                    -----    -----      0139H    0008H
  +--> ?PR?_TIMER_INILIZE?TIMER

?PR?PWM_CONFIG?MAIN                      -----    -----      0139H    0011H
  +--> ?PR?_PWM_CONFIGURATION?PWM

?PR?OLED_INIT?OLED                       -----    -----      -----    -----
  +--> ?PR?_DELAY_MS?DELAY
  +--> ?PR?_OLED_WR_BYTE?OLED
  +--> ?PR?OLED_CLEAR?OLED

?PR?_OLED_WR_BYTE?OLED                   -----    -----      -----    -----
  +--> ?PR?I2C_START?OLED
  +--> ?PR?_SEND_BYTE?OLED
  +--> ?PR?I2C_WAITACK?OLED
  +--> ?PR?I2C_STOP?OLED

?PR?I2C_START?OLED                       -----    -----      -----    -----
  +--> ?PR?IIC_DELAY?OLED

?PR?_SEND_BYTE?OLED                      -----    -----      -----    -----
  +--> ?PR?IIC_DELAY?OLED

?PR?I2C_WAITACK?OLED                     -----    -----      -----    -----
  +--> ?PR?IIC_DELAY?OLED

?PR?I2C_STOP?OLED                        -----    -----      -----    -----
  +--> ?PR?IIC_DELAY?OLED

?PR?OLED_CLEAR?OLED                      -----    -----      013AH    0001H
  +--> ?PR?_OLED_WR_BYTE?OLED

?PR?_OLED_COLORTURN?OLED                 -----    -----      0139H    0001H
  +--> ?PR?_OLED_WR_BYTE?OLED

?PR?_OLED_DISPLAYTURN?OLED               -----    -----      0139H    0001H
  +--> ?PR?_OLED_WR_BYTE?OLED

?PR?SHOW_INIT?INTERFACE                  -----    -----      -----    -----
  +--> ?CO?INTERFACE
BL51 BANKED LINKER/LOCATER V6.22.2.0                                                  12/31/2022  22:54:58  PAGE 6


  +--> ?PR?_OLED_SHOWSTRING?OLED
  +--> ?PR?_DELAY_MS?DELAY

?PR?_OLED_SHOWSTRING?OLED                -----    -----      013AH    0007H
  +--> ?PR?_OLED_SHOWCHAR?OLED

?PR?_OLED_SHOWCHAR?OLED                  -----    -----      0146H    000AH
  +--> ?PR?_OLED_SET_POS?OLED
  +--> ?CO?OLED
  +--> ?PR?_OLED_WR_BYTE?OLED

?PR?_OLED_SET_POS?OLED                   -----    -----      -----    -----
  +--> ?PR?_OLED_WR_BYTE?OLED

?PR?POWER_INIT?CH224D                    -----    -----      0139H    0001H
  +--> ?PR?_READ_ROM?EEPROM
  +--> ?PR?_WRITE_ROM?EEPROM
  +--> ?PR?_POWER?CH224D

?PR?_READ_ROM?EEPROM                     -----    -----      0140H    0002H
  +--> ?PR?_EEPROM_READ_N?EEPROM

?PR?_EEPROM_READ_N?EEPROM                -----    -----      0142H    0007H
  +--> ?PR?EEPROM_TRIG?EEPROM
  +--> ?PR?DISABLEEEPROM?EEPROM

?PR?_WRITE_ROM?EEPROM                    -----    -----      013AH    0006H
  +--> ?PR?_READ_ROM?EEPROM
  +--> ?PR?_EEPROM_SECTORERASE?EEPROM
  +--> ?PR?_EEPROM_WRITE_N?EEPROM

?PR?_EEPROM_SECTORERASE?EEPROM           -----    -----      -----    -----
  +--> ?PR?EEPROM_TRIG?EEPROM
  +--> ?PR?DISABLEEEPROM?EEPROM

?PR?_EEPROM_WRITE_N?EEPROM               -----    -----      0140H    0007H
  +--> ?PR?EEPROM_TRIG?EEPROM
  +--> ?PR?DISABLEEEPROM?EEPROM

?PR?INTERFACE_SHOW?INTERFACE             0020H.1  0000H.1    -----    -----
  +--> ?PR?OLED_CLEAR?OLED
  +--> ?PR?_OLED_SHOWCHINESE?OLED
  +--> ?CO?INTERFACE
  +--> ?PR?_OLED_SHOWSTRING?OLED
  +--> ?PR?SLEEP_MODE?SLEEP
  +--> ?PR?SHOW_1?INTERFACE
  +--> ?PR?KEY_MODE?KEY
  +--> ?PR?V_DATA_OUT?CH224D
  +--> ?PR?_OLED_SHOWNUM?OLED
  +--> ?PR?SHOW_2?INTERFACE
  +--> ?PR?POWER_RECORD?CH224D
  +--> ?PR?SHOW_3?INTERFACE
  +--> ?PR?SHOW_4?INTERFACE

?PR?_OLED_SHOWCHINESE?OLED               -----    -----      013AH    0008H
  +--> ?PR?_OLED_SET_POS?OLED
  +--> ?CO?OLED
BL51 BANKED LINKER/LOCATER V6.22.2.0                                                  12/31/2022  22:54:58  PAGE 7


  +--> ?PR?_OLED_WR_BYTE?OLED

?PR?SLEEP_MODE?SLEEP                     -----    -----      -----    -----
  +--> ?PR?OLED_CLEAR?OLED
  +--> ?PR?SLEEP_PWM_RST?SLEEP
  +--> ?PR?SLEEP_SHOW?SLEEP
  +--> ?PR?SLEEP_PWM_SET?SLEEP

?PR?SLEEP_PWM_RST?SLEEP                  -----    -----      013AH    0011H
  +--> ?PR?_PWM_CONFIGURATION?PWM

?PR?SLEEP_SHOW?SLEEP                     -----    -----      -----    -----
  +--> ?PR?OLED_CLEAR?OLED
  +--> ?PR?_OLED_SHOWCHINESE?OLED
  +--> ?PR?_DELAY_MS?DELAY

?PR?SLEEP_PWM_SET?SLEEP                  -----    -----      013AH    0011H
  +--> ?PR?_PWM_CONFIGURATION?PWM

?PR?SHOW_1?INTERFACE                     -----    -----      0139H    0001H
  +--> ?PR?KEY_ADD?KEY
  +--> ?PR?KEY_LESSEN?KEY
  +--> ?PR?_OLED_SHOWNUM?OLED
  +--> ?PR?_ABS?ABS
  +--> ?CO?INTERFACE
  +--> ?PR?_OLED_SHOWSTRING?OLED

?PR?KEY_ADD?KEY                          -----    -----      013AH    0002H
  +--> ?PR?BEEP?BEEP
  +--> ?PR?_DELAY_MS?DELAY

?PR?BEEP?BEEP                            0020H.2  0000H.1    013DH    0008H
  +--> ?PR?_TIMER_INILIZE?TIMER
  +--> ?PR?_DELAY_MS?DELAY

?PR?KEY_LESSEN?KEY                       -----    -----      013AH    0003H
  +--> ?PR?BEEP?BEEP
  +--> ?PR?_DELAY_MS?DELAY

?PR?_OLED_SHOWNUM?OLED                   -----    -----      013AH    000CH
  +--> ?PR?_OLED_POW?OLED
  +--> ?PR?_OLED_SHOWCHAR?OLED

?PR?_OLED_POW?OLED                       -----    -----      0146H    0006H

?PR?KEY_MODE?KEY                         -----    -----      013AH    0002H
  +--> ?PR?BEEP?BEEP
  +--> ?PR?_DELAY_MS?DELAY

?PR?SHOW_2?INTERFACE                     -----    -----      -----    -----
  +--> ?PR?KEY_ADD?KEY
  +--> ?PR?KEY_LESSEN?KEY
  +--> ?PR?_POWER?CH224D
  +--> ?PR?_OLED_SHOWNUM?OLED
  +--> ?PR?POWER_RECORD?CH224D
  +--> ?PR?_DELAY_MS?DELAY

BL51 BANKED LINKER/LOCATER V6.22.2.0                                                  12/31/2022  22:54:58  PAGE 8


?PR?POWER_RECORD?CH224D                  -----    -----      0139H    0001H
  +--> ?PR?_READ_ROM?EEPROM
  +--> ?PR?V_DATA_OUT?CH224D
  +--> ?PR?_WRITE_ROM?EEPROM

?PR?SHOW_3?INTERFACE                     -----    -----      0139H    0001H
  +--> ?PR?_OLED_SHOWNUM?OLED
  +--> ?CO?INTERFACE
  +--> ?PR?_OLED_SHOWSTRING?OLED
  +--> ?PR?KEY_ADD?KEY
  +--> ?PR?KEY_LESSEN?KEY
  +--> ?PR?KEY_MODE?KEY
  +--> ?PR?SLEEP_MODE?SLEEP

?PR?SHOW_4?INTERFACE                     -----    -----      -----    -----
  +--> ?PR?_OLED_SHOWNUM?OLED
  +--> ?PR?KEY_ADD?KEY
  +--> ?PR?KEY_LESSEN?KEY



SYMBOL TABLE OF MODULE:  .\list\timer (MAIN)

  VALUE           TYPE          NAME
  ----------------------------------

  -------         MODULE        MAIN
  C:0000H         SYMBOL        _ICE_DUMMY_
  D:0080H         PUBLIC        P0
  D:0090H         PUBLIC        P1
  D:00A0H         PUBLIC        P2
  D:00B0H         PUBLIC        P3
  D:00C0H         PUBLIC        P4
  D:00C8H         PUBLIC        P5
  B:00A8H.7       PUBLIC        EA
  D:00E8H         PUBLIC        P6
  D:00F8H         PUBLIC        P7
  C:3445H         PUBLIC        GPIO_config
  D:00A8H         PUBLIC        IE
  D:00B8H         PUBLIC        IP
  C:3B9CH         PUBLIC        ADC_config
  D:00D8H         PUBLIC        CCON
  C:38D8H         PUBLIC        main
  D:0098H         PUBLIC        SCON
  D:0088H         PUBLIC        TCON
  X:0150H         PUBLIC        PWMA_Duty
  D:00F0H         PUBLIC        B
  D:00E0H         PUBLIC        ACC
  C:3891H         PUBLIC        PWM_config
  X:0160H         PUBLIC        temp_T12
  X:0162H         PUBLIC        tmp
  X:0165H         PUBLIC        NTC_temp_v
  C:3539H         PUBLIC        Timer_config
  X:0167H         PUBLIC        Ch1_vinput
  X:0169H         PUBLIC        thermocouple_v
  D:00D0H         PUBLIC        PSW
  -------         PROC          GPIO_CONFIG
BL51 BANKED LINKER/LOCATER V6.22.2.0                                                  12/31/2022  22:54:58  PAGE 9


  -------         DO            
  X:0139H         SYMBOL        GPIO_InitStructure
  -------         ENDDO         
  C:3445H         LINE#         16
  C:3445H         LINE#         17
  C:3445H         LINE#         20
  C:344BH         LINE#         21
  C:3450H         LINE#         22
  C:345BH         LINE#         24
  C:3461H         LINE#         25
  C:3467H         LINE#         26
  C:3470H         LINE#         28
  C:3476H         LINE#         29
  C:347CH         LINE#         30
  C:3486H         LINE#         32
  C:348CH         LINE#         33
  C:3492H         LINE#         34
  C:349CH         LINE#         36
  C:34A2H         LINE#         37
  C:34A8H         LINE#         38
  C:34B2H         LINE#         40
  C:34B8H         LINE#         41
  C:34BDH         LINE#         42
  -------         ENDPROC       GPIO_CONFIG
  -------         PROC          ADC_CONFIG
  -------         DO            
  X:0139H         SYMBOL        ADC_InitStructure
  -------         ENDDO         
  C:3B9CH         LINE#         47
  C:3B9CH         LINE#         48
  C:3B9CH         LINE#         50
  C:3BA2H         LINE#         51
  C:3BA7H         LINE#         52
  C:3BAAH         LINE#         53
  C:3BAFH         LINE#         54
  C:3BB2H         LINE#         55
  C:3BB4H         LINE#         56
  C:3BB7H         LINE#         57
  C:3BB9H         LINE#         58
  C:3BC2H         LINE#         59
  -------         ENDPROC       ADC_CONFIG
  -------         PROC          TIMER_CONFIG
  -------         DO            
  X:0139H         SYMBOL        TIM_InitStructure
  -------         ENDDO         
  C:3539H         LINE#         78
  C:3539H         LINE#         79
  C:3539H         LINE#         82
  C:353EH         LINE#         83
  C:3540H         LINE#         84
  C:3543H         LINE#         85
  C:3545H         LINE#         86
  C:3548H         LINE#         87
  C:3550H         LINE#         88
  C:3554H         LINE#         89
  C:355EH         LINE#         92
  C:3563H         LINE#         93
BL51 BANKED LINKER/LOCATER V6.22.2.0                                                  12/31/2022  22:54:58  PAGE 10


  C:3565H         LINE#         94
  C:3568H         LINE#         95
  C:356AH         LINE#         96
  C:356DH         LINE#         97
  C:3575H         LINE#         98
  C:3579H         LINE#         99
  C:3582H         LINE#         101
  C:3587H         LINE#         102
  C:3589H         LINE#         103
  C:358BH         LINE#         104
  C:3593H         LINE#         105
  C:3596H         LINE#         106
  -------         ENDPROC       TIMER_CONFIG
  -------         PROC          PWM_CONFIG
  -------         DO            
  X:0139H         SYMBOL        PWMx_InitStructure
  -------         ENDDO         
  C:3891H         LINE#         124
  C:3891H         LINE#         125
  C:3891H         LINE#         129
  C:3897H         LINE#         134
  C:389DH         LINE#         138
  C:38A5H         LINE#         140
  C:38B4H         LINE#         143
  C:38B7H         LINE#         145
  C:38BDH         LINE#         146
  C:38C2H         LINE#         153
  C:38C7H         LINE#         160
  C:38CBH         LINE#         161
  C:38CFH         LINE#         162
  -------         ENDPROC       PWM_CONFIG
  -------         PROC          MAIN
  C:38D8H         LINE#         167
  C:38D8H         LINE#         168
  C:38D8H         LINE#         170
  C:38E2H         LINE#         171
  C:38E5H         LINE#         172
  C:38EBH         LINE#         174
  C:38EEH         LINE#         175
  C:38F1H         LINE#         176
  C:38F4H         LINE#         177
  C:38F6H         LINE#         181
  C:38F9H         LINE#         182
  C:38FEH         LINE#         183
  C:3903H         LINE#         185
  C:390EH         LINE#         187
  C:3911H         LINE#         188
  C:3914H         LINE#         189
  C:3917H         LINE#         190
  C:391AH         LINE#         194
  C:391AH         LINE#         195
  C:391AH         LINE#         196
  C:391DH         LINE#         197
  -------         ENDPROC       MAIN
  -------         ENDMOD        MAIN

  -------         MODULE        GPIO
BL51 BANKED LINKER/LOCATER V6.22.2.0                                                  12/31/2022  22:54:58  PAGE 11


  C:0000H         SYMBOL        _ICE_DUMMY_
  D:0093H         PUBLIC        P0M1
  D:0092H         PUBLIC        P1M0
  D:0096H         PUBLIC        P2M0
  D:0091H         PUBLIC        P1M1
  D:0080H         PUBLIC        P0
  D:00B2H         PUBLIC        P3M0
  D:0095H         PUBLIC        P2M1
  D:0090H         PUBLIC        P1
  D:00B4H         PUBLIC        P4M0
  D:00B1H         PUBLIC        P3M1
  D:00A0H         PUBLIC        P2
  D:00CAH         PUBLIC        P5M0
  D:00B3H         PUBLIC        P4M1
  D:00B0H         PUBLIC        P3
  D:00CCH         PUBLIC        P6M0
  D:00C9H         PUBLIC        P5M1
  D:00C0H         PUBLIC        P4
  D:00E2H         PUBLIC        P7M0
  D:00CBH         PUBLIC        P6M1
  D:00C8H         PUBLIC        P5
  D:00E8H         PUBLIC        P6
  D:00E1H         PUBLIC        P7M1
  D:00F8H         PUBLIC        P7
  D:00A8H         PUBLIC        IE
  D:00B8H         PUBLIC        IP
  D:00D8H         PUBLIC        CCON
  D:0098H         PUBLIC        SCON
  D:0088H         PUBLIC        TCON
  D:00F0H         PUBLIC        B
  D:00E0H         PUBLIC        ACC
  C:1CF6H         PUBLIC        _GPIO_Inilize
  D:00D0H         PUBLIC        PSW
  D:0094H         PUBLIC        P0M0
  -------         PROC          _GPIO_INILIZE
  D:0007H         SYMBOL        GPIO
  D:0001H         SYMBOL        GPIOx
  C:1CF6H         LINE#         28
  C:1CF6H         LINE#         29
  C:1CF6H         LINE#         30
  C:1D03H         LINE#         31
  C:1D13H         LINE#         32
  C:1D16H         LINE#         33
  C:1D16H         LINE#         34
  C:1D24H         LINE#         35
  C:1D36H         LINE#         36
  C:1D48H         LINE#         37
  C:1D5AH         LINE#         38
  C:1D5AH         LINE#         39
  C:1D5FH         LINE#         40
  C:1D5FH         LINE#         41
  C:1D70H         LINE#         42
  C:1D80H         LINE#         43
  C:1D91H         LINE#         44
  C:1DA5H         LINE#         45
  C:1DA5H         LINE#         46
  C:1DAAH         LINE#         47
BL51 BANKED LINKER/LOCATER V6.22.2.0                                                  12/31/2022  22:54:58  PAGE 12


  C:1DAAH         LINE#         48
  C:1DBBH         LINE#         49
  C:1DCBH         LINE#         50
  C:1DDCH         LINE#         51
  C:1DF0H         LINE#         52
  C:1DF0H         LINE#         53
  C:1DF5H         LINE#         54
  C:1DF5H         LINE#         55
  C:1E06H         LINE#         56
  C:1E16H         LINE#         57
  C:1E27H         LINE#         58
  C:1E3BH         LINE#         59
  C:1E3BH         LINE#         60
  C:1E40H         LINE#         61
  C:1E40H         LINE#         62
  C:1E51H         LINE#         63
  C:1E61H         LINE#         64
  C:1E72H         LINE#         65
  C:1E86H         LINE#         66
  C:1E86H         LINE#         67
  C:1E8BH         LINE#         68
  C:1E8BH         LINE#         69
  C:1E9CH         LINE#         70
  C:1EACH         LINE#         71
  C:1EBDH         LINE#         72
  C:1ED1H         LINE#         73
  C:1ED1H         LINE#         74
  C:1ED6H         LINE#         75
  C:1ED6H         LINE#         76
  C:1EE7H         LINE#         77
  C:1EF7H         LINE#         78
  C:1F08H         LINE#         79
  C:1F1CH         LINE#         80
  C:1F1CH         LINE#         81
  C:1F21H         LINE#         82
  C:1F21H         LINE#         83
  C:1F34H         LINE#         84
  C:1F45H         LINE#         85
  C:1F56H         LINE#         86
  C:1F6AH         LINE#         87
  C:1F6AH         LINE#         88
  C:1F6CH         LINE#         89
  -------         ENDPROC       _GPIO_INILIZE
  -------         ENDMOD        GPIO

  -------         MODULE        DELAY
  C:0000H         SYMBOL        _ICE_DUMMY_
  D:0080H         PUBLIC        P0
  D:0090H         PUBLIC        P1
  D:00A0H         PUBLIC        P2
  D:00B0H         PUBLIC        P3
  D:00C0H         PUBLIC        P4
  D:00C8H         PUBLIC        P5
  D:00E8H         PUBLIC        P6
  D:00F8H         PUBLIC        P7
  D:00A8H         PUBLIC        IE
  D:00B8H         PUBLIC        IP
BL51 BANKED LINKER/LOCATER V6.22.2.0                                                  12/31/2022  22:54:58  PAGE 13


  D:00D8H         PUBLIC        CCON
  D:0098H         PUBLIC        SCON
  D:0088H         PUBLIC        TCON
  D:00F0H         PUBLIC        B
  D:00E0H         PUBLIC        ACC
  C:3CAAH         PUBLIC        _delay_ms
  D:00D0H         PUBLIC        PSW
  -------         PROC          _DELAY_MS
  D:0006H         SYMBOL        ms
  -------         DO            
  D:0004H         SYMBOL        i
  -------         ENDDO         
  C:3CAAH         LINE#         30
  C:3CAAH         LINE#         31
  C:3CAAH         LINE#         33
  C:3CAAH         LINE#         34
  C:3CAEH         LINE#         35
  C:3CB7H         LINE#         36
  C:3CC0H         LINE#         37
  -------         ENDPROC       _DELAY_MS
  -------         ENDMOD        DELAY

  -------         MODULE        UART
  C:0000H         SYMBOL        _ICE_DUMMY_
  C:1F6DH         PUBLIC        _UART_Configuration
  D:0080H         PUBLIC        P0
  D:0090H         PUBLIC        P1
  D:00A0H         PUBLIC        P2
  D:00B0H         PUBLIC        P3
  D:00C0H         PUBLIC        P4
  D:00C8H         PUBLIC        P5
  D:00E8H         PUBLIC        P6
  D:00F8H         PUBLIC        P7
  D:00A2H         PUBLIC        P_SW1
  D:00A8H         PUBLIC        IE
  X:0000H         PUBLIC        COM1
  B:00A8H.4       PUBLIC        ES
  D:00B8H         PUBLIC        IP
  X:0007H         PUBLIC        RX1_Buffer
  B:0098H.0       PUBLIC        RI
  C:32B4H         PUBLIC        UART1_int
  X:0087H         PUBLIC        TX1_Buffer
  B:0098H.1       PUBLIC        TI
  B:00B8H.4       PUBLIC        PS
  D:00D8H         PUBLIC        CCON
  D:0099H         PUBLIC        SBUF
  D:0087H         PUBLIC        PCON
  D:0098H         PUBLIC        SCON
  D:0089H         PUBLIC        TMOD
  D:0088H         PUBLIC        TCON
  C:3CC1H         PUBLIC        _PrintString1
  D:00AFH         PUBLIC        IE2
  D:00F0H         PUBLIC        B
  D:008EH         PUBLIC        AUXR
  C:3B0EH         PUBLIC        _TX1_write2buff
  D:00E0H         PUBLIC        ACC
  B:00A8H.3       PUBLIC        ET1
BL51 BANKED LINKER/LOCATER V6.22.2.0                                                  12/31/2022  22:54:58  PAGE 14


  D:008DH         PUBLIC        TH1
  D:00D6H         PUBLIC        TH2
  D:008BH         PUBLIC        TL1
  D:00D7H         PUBLIC        TL2
  B:0088H.6       PUBLIC        TR1
  D:00B7H         PUBLIC        IPH
  B:0098H.4       PUBLIC        REN
  D:008FH         PUBLIC        INT_CLKO
  D:00D0H         PUBLIC        PSW
  -------         PROC          _UART_CONFIGURATION
  D:0007H         SYMBOL        UARTx
  X:018EH         SYMBOL        COMx
  -------         DO            
  D:0007H         SYMBOL        i
  X:0191H         SYMBOL        j
  -------         ENDDO         
  C:1F6DH         LINE#         37
  C:1F78H         LINE#         38
  C:1F78H         LINE#         43
  C:1F80H         LINE#         44
  C:1F80H         LINE#         45
  C:1F85H         LINE#         46
  C:1F88H         LINE#         47
  C:1F8AH         LINE#         48
  C:1F8CH         LINE#         49
  C:1F8EH         LINE#         50
  C:1F90H         LINE#         51
  C:1F92H         LINE#         52
  C:1FACH         LINE#         53
  C:1FC7H         LINE#         55
  C:1FE7H         LINE#         56
  C:2027H         LINE#         57
  C:2039H         LINE#         58
  C:2044H         LINE#         59
  C:2052H         LINE#         60
  C:2052H         LINE#         61
  C:2069H         LINE#         62
  C:2086H         LINE#         63
  C:20A8H         LINE#         64
  C:20C0H         LINE#         65
  C:20C0H         LINE#         66
  C:20C2H         LINE#         67
  C:20C5H         LINE#         68
  C:20C8H         LINE#         69
  C:20CBH         LINE#         70
  C:20CEH         LINE#         71
  C:20E3H         LINE#         72
  C:20ECH         LINE#         73
  C:20EEH         LINE#         74
  C:20F1H         LINE#         75
  C:20F4H         LINE#         76
  C:20F6H         LINE#         77
  C:20F8H         LINE#         78
  C:20FEH         LINE#         79
  C:20FEH         LINE#         80
  C:2101H         LINE#         81
  C:2104H         LINE#         82
BL51 BANKED LINKER/LOCATER V6.22.2.0                                                  12/31/2022  22:54:58  PAGE 15


  C:2107H         LINE#         83
  C:210AH         LINE#         84
  C:211FH         LINE#         85
  C:2128H         LINE#         86
  C:212BH         LINE#         87
  C:212EH         LINE#         88
  C:2130H         LINE#         89
  C:2133H         LINE#         90
  C:2133H         LINE#         91
  C:2146H         LINE#         92
  C:2146H         LINE#         93
  C:2155H         LINE#         94
  C:2158H         LINE#         95
  C:215AH         LINE#         96
  C:2160H         LINE#         97
  C:2160H         LINE#         98
  C:216FH         LINE#         99
  C:2172H         LINE#         100
  C:2172H         LINE#         101
  C:218BH         LINE#         102
  C:218DH         LINE#         103
  C:219BH         LINE#         104
  C:219DH         LINE#         105
  C:21ADH         LINE#         106
  C:21B0H         LINE#         107
  C:21B0H         LINE#         252
  C:21B2H         LINE#         253
  -------         ENDPROC       _UART_CONFIGURATION
  -------         PROC          _TX1_WRITE2BUFF
  D:0007H         SYMBOL        dat
  C:3B0EH         LINE#         259
  C:3B0EH         LINE#         260
  C:3B0EH         LINE#         261
  C:3B14H         LINE#         262
  C:3B23H         LINE#         263
  C:3B34H         LINE#         265
  C:3B3AH         LINE#         266
  C:3B3AH         LINE#         267
  C:3B3CH         LINE#         268
  C:3B3EH         LINE#         269
  C:3B3EH         LINE#         270
  -------         ENDPROC       _TX1_WRITE2BUFF
  -------         PROC          _PRINTSTRING1
  D:0001H         SYMBOL        puts
  C:3CC1H         LINE#         272
  C:3CC1H         LINE#         273
  C:3CC1H         LINE#         274
  C:3CD3H         LINE#         275
  -------         ENDPROC       _PRINTSTRING1
  -------         PROC          UART1_INT
  C:32B4H         LINE#         277
  C:32C3H         LINE#         279
  C:32C6H         LINE#         280
  C:32C6H         LINE#         281
  C:32C8H         LINE#         282
  C:32CEH         LINE#         283
  C:32CEH         LINE#         284
BL51 BANKED LINKER/LOCATER V6.22.2.0                                                  12/31/2022  22:54:58  PAGE 16


  C:32DDH         LINE#         285
  C:32F1H         LINE#         286
  C:32F7H         LINE#         287
  C:32F7H         LINE#         288
  C:32F7H         LINE#         290
  C:32FAH         LINE#         291
  C:32FAH         LINE#         292
  C:32FCH         LINE#         293
  C:3309H         LINE#         294
  C:3309H         LINE#         295
  C:3316H         LINE#         296
  C:3327H         LINE#         297
  C:3329H         LINE#         298
  C:332EH         LINE#         299
  C:332EH         LINE#         300
  -------         ENDPROC       UART1_INT
  -------         ENDMOD        UART

  -------         MODULE        TIMER
  C:0000H         SYMBOL        _ICE_DUMMY_
  D:0080H         PUBLIC        P0
  D:0090H         PUBLIC        P1
  C:2718H         PUBLIC        timer0_int
  D:00A0H         PUBLIC        P2
  C:3057H         PUBLIC        timer1_int
  D:00B0H         PUBLIC        P3
  C:0007H         PUBLIC        timer2_int
  D:00C0H         PUBLIC        P4
  D:00C8H         PUBLIC        P5
  D:00E8H         PUBLIC        P6
  D:00F8H         PUBLIC        P7
  D:00A8H         PUBLIC        IE
  D:00B8H         PUBLIC        IP
  D:00D8H         PUBLIC        CCON
  D:0098H         PUBLIC        SCON
  D:0089H         PUBLIC        TMOD
  D:0088H         PUBLIC        TCON
  B:00B0H.7       PUBLIC        P37
  C:16D7H         PUBLIC        _Timer_Inilize
  D:00AFH         PUBLIC        IE2
  D:00F0H         PUBLIC        B
  D:008EH         PUBLIC        AUXR
  D:00E0H         PUBLIC        ACC
  B:00A8H.1       PUBLIC        ET0
  B:00A8H.3       PUBLIC        ET1
  D:008CH         PUBLIC        TH0
  D:008DH         PUBLIC        TH1
  D:00D6H         PUBLIC        TH2
  D:00D4H         PUBLIC        TH3
  D:00D2H         PUBLIC        TH4
  D:008AH         PUBLIC        TL0
  D:008BH         PUBLIC        TL1
  D:00D7H         PUBLIC        TL2
  D:00D5H         PUBLIC        TL3
  B:00B8H.1       PUBLIC        PT0
  D:00D3H         PUBLIC        TL4
  B:00B8H.3       PUBLIC        PT1
BL51 BANKED LINKER/LOCATER V6.22.2.0                                                  12/31/2022  22:54:58  PAGE 17


  B:0088H.4       PUBLIC        TR0
  B:0088H.6       PUBLIC        TR1
  D:00D1H         PUBLIC        T4T3M
  D:00B7H         PUBLIC        IPH
  X:0199H         SYMBOL        temporary_Duty
  D:008FH         PUBLIC        INT_CLKO
  D:00D0H         PUBLIC        PSW
  -------         PROC          TIMER0_INT
  -------         DO            
  X:0195H         SYMBOL        i
  -------         ENDDO         
  C:2718H         LINE#         45
  C:2735H         LINE#         48
  C:2743H         LINE#         49
  C:274FH         LINE#         50
  C:274FH         LINE#         51
  C:2763H         LINE#         52
  C:2777H         LINE#         53
  C:2777H         LINE#         55
  C:2783H         LINE#         56
  C:2783H         LINE#         57
  C:2789H         LINE#         58
  C:2794H         LINE#         61
  C:2794H         LINE#         62
  C:27A3H         LINE#         63
  C:27A3H         LINE#         64
  C:27B7H         LINE#         65
  C:27BEH         LINE#         67
  C:27CBH         LINE#         74
  C:27D3H         LINE#         75
  C:27DEH         LINE#         77
  C:27E9H         LINE#         78
  C:2806H         LINE#         80
  C:280DH         LINE#         82
  C:2826H         LINE#         84
  C:2831H         LINE#         85
  C:2831H         LINE#         86
  -------         ENDPROC       TIMER0_INT
  -------         PROC          TIMER1_INT
  -------         DO            
  X:0197H         SYMBOL        ms2
  -------         ENDDO         
  C:3057H         LINE#         89
  C:3074H         LINE#         92
  C:3082H         LINE#         93
  C:308EH         LINE#         94
  C:308EH         LINE#         95
  C:309CH         LINE#         96
  C:30A3H         LINE#         97
  C:30A3H         LINE#         98
  C:30B9H         LINE#         100
  C:30DAH         LINE#         103
  -------         ENDPROC       TIMER1_INT
  -------         PROC          TIMER2_INT
  C:0007H         LINE#         106
  C:0007H         LINE#         108
  C:0009H         LINE#         109
BL51 BANKED LINKER/LOCATER V6.22.2.0                                                  12/31/2022  22:54:58  PAGE 18


  -------         ENDPROC       TIMER2_INT
  -------         PROC          _TIMER_INILIZE
  D:0005H         SYMBOL        TIM
  D:0001H         SYMBOL        TIMx
  C:16D7H         LINE#         131
  C:16D9H         LINE#         132
  C:16D9H         LINE#         133
  C:16E6H         LINE#         135
  C:16ECH         LINE#         136
  C:16ECH         LINE#         137
  C:16EEH         LINE#         138
  C:16FCH         LINE#         139
  C:16FEH         LINE#         140
  C:1711H         LINE#         141
  C:173DH         LINE#         143
  C:174DH         LINE#         144
  C:1754H         LINE#         145
  C:1764H         LINE#         146
  C:176BH         LINE#         147
  C:1776H         LINE#         148
  C:1779H         LINE#         149
  C:1788H         LINE#         150
  C:178BH         LINE#         152
  C:179DH         LINE#         153
  C:17A9H         LINE#         154
  C:17ACH         LINE#         155
  C:17ACH         LINE#         157
  C:17B4H         LINE#         158
  C:17B4H         LINE#         159
  C:17B6H         LINE#         160
  C:17C4H         LINE#         161
  C:17C6H         LINE#         162
  C:17D9H         LINE#         163
  C:1805H         LINE#         164
  C:1815H         LINE#         165
  C:181CH         LINE#         166
  C:182CH         LINE#         167
  C:1833H         LINE#         168
  C:183EH         LINE#         169
  C:1841H         LINE#         170
  C:1850H         LINE#         171
  C:1853H         LINE#         173
  C:1865H         LINE#         174
  C:1871H         LINE#         175
  C:1874H         LINE#         176
  C:1874H         LINE#         178
  C:1879H         LINE#         179
  C:1879H         LINE#         180
  C:187CH         LINE#         181
  C:188BH         LINE#         182
  C:188EH         LINE#         183
  C:18A1H         LINE#         184
  C:18ACH         LINE#         185
  C:18B3H         LINE#         186
  C:18BEH         LINE#         187
  C:18C1H         LINE#         188
  C:18D0H         LINE#         189
BL51 BANKED LINKER/LOCATER V6.22.2.0                                                  12/31/2022  22:54:58  PAGE 19


  C:18D3H         LINE#         191
  C:18E5H         LINE#         192
  C:18F2H         LINE#         193
  C:18F5H         LINE#         194
  C:18F5H         LINE#         196
  C:18FAH         LINE#         197
  C:18FAH         LINE#         198
  C:18FDH         LINE#         199
  C:190CH         LINE#         200
  C:190FH         LINE#         201
  C:1922H         LINE#         202
  C:192DH         LINE#         203
  C:1934H         LINE#         204
  C:193FH         LINE#         205
  C:1942H         LINE#         206
  C:1951H         LINE#         207
  C:1954H         LINE#         209
  C:1966H         LINE#         210
  C:1973H         LINE#         211
  C:1976H         LINE#         212
  C:1976H         LINE#         214
  C:197EH         LINE#         215
  C:197EH         LINE#         216
  C:1981H         LINE#         217
  C:1990H         LINE#         218
  C:1993H         LINE#         219
  C:19A8H         LINE#         220
  C:19B1H         LINE#         221
  C:19BCH         LINE#         222
  C:19CBH         LINE#         223
  C:19CEH         LINE#         224
  C:19DDH         LINE#         225
  C:19E0H         LINE#         227
  C:19F0H         LINE#         228
  C:19FDH         LINE#         229
  C:1A00H         LINE#         230
  C:1A00H         LINE#         231
  C:1A02H         LINE#         232
  -------         ENDPROC       _TIMER_INILIZE
  -------         ENDMOD        TIMER

  -------         MODULE        ADC
  C:0000H         SYMBOL        _ICE_DUMMY_
  D:0080H         PUBLIC        P0
  D:0090H         PUBLIC        P1
  C:2D7CH         PUBLIC        _ADC_Inilize
  D:00A0H         PUBLIC        P2
  D:00B0H         PUBLIC        P3
  D:00C0H         PUBLIC        P4
  D:00C8H         PUBLIC        P5
  D:00E8H         PUBLIC        P6
  D:00F8H         PUBLIC        P7
  D:00BAH         PUBLIC        P_SW2
  B:00A8H.5       PUBLIC        EADC
  D:00A8H         PUBLIC        IE
  D:00BDH         PUBLIC        ADC_RES
  B:00B8H.5       PUBLIC        PADC
BL51 BANKED LINKER/LOCATER V6.22.2.0                                                  12/31/2022  22:54:58  PAGE 20


  D:00B8H         PUBLIC        IP
  D:00DEH         PUBLIC        ADCCFG
  C:000EH         PUBLIC        _ADC_PowerControl
  D:00D8H         PUBLIC        CCON
  D:00BCH         PUBLIC        ADC_CONTR
  D:0098H         PUBLIC        SCON
  D:0088H         PUBLIC        TCON
  D:00F0H         PUBLIC        B
  D:00E0H         PUBLIC        ACC
  C:33C1H         PUBLIC        _Get_ADCResult
  D:00BEH         PUBLIC        ADC_RESL
  D:00B7H         PUBLIC        IPH
  C:0003H         PUBLIC        ADC_int
  D:00D0H         PUBLIC        PSW
  -------         PROC          _ADC_INILIZE
  D:0001H         SYMBOL        ADCx
  C:2D7CH         LINE#         23
  C:2D7CH         LINE#         24
  C:2D7CH         LINE#         25
  C:2D8AH         LINE#         26
  C:2D99H         LINE#         27
  C:2D9CH         LINE#         28
  C:2DABH         LINE#         29
  C:2DAEH         LINE#         30
  C:2DBCH         LINE#         31
  C:2DBEH         LINE#         32
  C:2DD0H         LINE#         33
  C:2DF9H         LINE#         35
  C:2E05H         LINE#         36
  C:2E15H         LINE#         37
  C:2E25H         LINE#         38
  C:2E28H         LINE#         39
  C:2E3FH         LINE#         40
  C:2E42H         LINE#         41
  -------         ENDPROC       _ADC_INILIZE
  -------         PROC          _ADC_POWERCONTROL
  D:0007H         SYMBOL        pwr
  C:000EH         LINE#         51
  C:000EH         LINE#         52
  C:000EH         LINE#         53
  C:0017H         LINE#         54
  C:001AH         LINE#         55
  -------         ENDPROC       _ADC_POWERCONTROL
  -------         PROC          _GET_ADCRESULT
  D:0007H         SYMBOL        channel
  -------         DO            
  X:0137H         SYMBOL        adc
  D:0005H         SYMBOL        i
  -------         ENDDO         
  C:33C1H         LINE#         64
  C:33C1H         LINE#         65
  C:33C1H         LINE#         69
  C:33CDH         LINE#         70
  C:33D0H         LINE#         71
  C:33D2H         LINE#         73
  C:33DBH         LINE#         74
  C:33E5H         LINE#         76
BL51 BANKED LINKER/LOCATER V6.22.2.0                                                  12/31/2022  22:54:58  PAGE 21


  C:33F1H         LINE#         77
  C:33F1H         LINE#         78
  C:33F6H         LINE#         79
  C:33F6H         LINE#         80
  C:33F9H         LINE#         81
  C:3400H         LINE#         82
  C:3400H         LINE#         83
  C:340BH         LINE#         84
  C:340DH         LINE#         86
  C:340DH         LINE#         88
  C:3415H         LINE#         89
  C:3434H         LINE#         94
  C:3434H         LINE#         95
  C:343DH         LINE#         96
  C:343DH         LINE#         97
  C:3440H         LINE#         98
  C:3444H         LINE#         99
  -------         ENDPROC       _GET_ADCRESULT
  -------         PROC          ADC_INT
  C:0003H         LINE#         109
  C:0003H         LINE#         111
  C:0006H         LINE#         112
  -------         ENDPROC       ADC_INT
  -------         ENDMOD        ADC

  -------         MODULE        OLED
  C:0000H         SYMBOL        _ICE_DUMMY_
  D:0080H         PUBLIC        P0
  D:0090H         PUBLIC        P1
  D:00A0H         PUBLIC        P2
  C:3B70H         PUBLIC        _Send_Byte
  D:00B0H         PUBLIC        P3
  D:00C0H         PUBLIC        P4
  D:00C8H         PUBLIC        P5
  D:00E8H         PUBLIC        P6
  D:00F8H         PUBLIC        P7
  C:3BC7H         PUBLIC        _OLED_DisplayTurn
  D:00A8H         PUBLIC        IE
  C:087EH         PUBLIC        asc2_2010
  C:09C8H         PUBLIC        Hzk12
  D:00B8H         PUBLIC        IP
  C:0066H         PUBLIC        asc2_0806
  C:028EH         PUBLIC        asc2_1608
  C:318FH         PUBLIC        OLED_Init
  D:00D8H         PUBLIC        CCON
  C:34C8H         PUBLIC        _OLED_ShowString
  C:3B47H         PUBLIC        _OLED_WR_Byte
  C:284CH         PUBLIC        _OLED_ShowChar
  C:3CE7H         PUBLIC        I2C_Start
  C:3C3EH         PUBLIC        _OLED_ColorTurn
  B:0090H.3       PUBLIC        P13
  D:0098H         PUBLIC        SCON
  B:0090H.4       PUBLIC        P14
  D:0088H         PUBLIC        TCON
  D:00F0H         PUBLIC        B
  C:3CF6H         PUBLIC        I2C_WaitAck
  C:3D1FH         PUBLIC        I2C_Stop
BL51 BANKED LINKER/LOCATER V6.22.2.0                                                  12/31/2022  22:54:58  PAGE 22


  C:3BF8H         PUBLIC        _OLED_Set_Pos
  D:00E0H         PUBLIC        ACC
  C:3D29H         PUBLIC        IIC_delay
  C:2BC6H         PUBLIC        _OLED_ShowNum
  C:37B8H         PUBLIC        _oled_pow
  C:2FA8H         PUBLIC        _OLED_ShowChinese
  C:3A2DH         PUBLIC        OLED_Clear
  D:00D0H         PUBLIC        PSW
  -------         PROC          _OLED_COLORTURN
  X:0139H         SYMBOL        i
  C:3C3EH         LINE#         27
  C:3C43H         LINE#         28
  C:3C43H         LINE#         29
  C:3C45H         LINE#         30
  C:3C45H         LINE#         31
  C:3C4BH         LINE#         32
  C:3C4BH         LINE#         33
  C:3C53H         LINE#         34
  C:3C53H         LINE#         35
  C:3C59H         LINE#         36
  C:3C59H         LINE#         37
  -------         ENDPROC       _OLED_COLORTURN
  -------         PROC          _OLED_DISPLAYTURN
  X:0139H         SYMBOL        i
  C:3BC7H         LINE#         40
  C:3BCCH         LINE#         41
  C:3BCCH         LINE#         42
  C:3BCEH         LINE#         43
  C:3BCEH         LINE#         44
  C:3BD4H         LINE#         45
  C:3BDBH         LINE#         46
  C:3BDBH         LINE#         47
  C:3BE3H         LINE#         48
  C:3BE3H         LINE#         49
  C:3BE9H         LINE#         50
  C:3BF0H         LINE#         51
  C:3BF0H         LINE#         52
  -------         ENDPROC       _OLED_DISPLAYTURN
  -------         PROC          IIC_DELAY
  -------         DO            
  D:0007H         SYMBOL        t
  -------         ENDDO         
  C:3D29H         LINE#         56
  C:3D29H         LINE#         57
  C:3D29H         LINE#         58
  C:3D2BH         LINE#         59
  C:3D31H         LINE#         60
  -------         ENDPROC       IIC_DELAY
  -------         PROC          I2C_START
  C:3CE7H         LINE#         63
  C:3CE7H         LINE#         64
  C:3CE7H         LINE#         65
  C:3CE9H         LINE#         66
  C:3CEBH         LINE#         67
  C:3CEEH         LINE#         68
  C:3CF0H         LINE#         69
  C:3CF3H         LINE#         70
BL51 BANKED LINKER/LOCATER V6.22.2.0                                                  12/31/2022  22:54:58  PAGE 23


  C:3CF5H         LINE#         72
  -------         ENDPROC       I2C_START
  -------         PROC          I2C_STOP
  C:3D1FH         LINE#         75
  C:3D1FH         LINE#         76
  C:3D1FH         LINE#         77
  C:3D21H         LINE#         78
  C:3D23H         LINE#         79
  C:3D26H         LINE#         80
  C:3D28H         LINE#         81
  -------         ENDPROC       I2C_STOP
  -------         PROC          I2C_WAITACK
  C:3CF6H         LINE#         84
  C:3CF6H         LINE#         85
  C:3CF6H         LINE#         86
  C:3CF8H         LINE#         87
  C:3CFBH         LINE#         88
  C:3CFDH         LINE#         89
  C:3D00H         LINE#         90
  C:3D02H         LINE#         91
  -------         ENDPROC       I2C_WAITACK
  -------         PROC          _SEND_BYTE
  D:0005H         SYMBOL        dat
  -------         DO            
  D:0004H         SYMBOL        i
  -------         ENDDO         
  C:3B70H         LINE#         95
  C:3B72H         LINE#         96
  C:3B72H         LINE#         98
  C:3B7EH         LINE#         99
  C:3B7EH         LINE#         100
  C:3B80H         LINE#         101
  C:3B84H         LINE#         102
  C:3B84H         LINE#         103
  C:3B86H         LINE#         104
  C:3B88H         LINE#         106
  C:3B88H         LINE#         107
  C:3B8AH         LINE#         108
  C:3B8AH         LINE#         109
  C:3B8DH         LINE#         110
  C:3B8FH         LINE#         111
  C:3B92H         LINE#         112
  C:3B94H         LINE#         113
  C:3B98H         LINE#         114
  C:3B9BH         LINE#         115
  -------         ENDPROC       _SEND_BYTE
  C:3B3FH         SYMBOL        L?0078
  C:3B41H         SYMBOL        L?0079
  -------         PROC          L?0077
  -------         ENDPROC       L?0077
  C:3B3FH         SYMBOL        L?0078
  C:3B41H         SYMBOL        L?0079
  -------         PROC          _OLED_WR_BYTE
  D:0002H         SYMBOL        dat
  D:0003H         SYMBOL        mode
  C:3B47H         LINE#         120
  C:3B4BH         LINE#         121
BL51 BANKED LINKER/LOCATER V6.22.2.0                                                  12/31/2022  22:54:58  PAGE 24


  C:3B4BH         LINE#         122
  C:3B4EH         LINE#         123
  C:3B53H         LINE#         124
  C:3B56H         LINE#         125
  C:3B5DH         LINE#         126
  C:3B62H         LINE#         127
  C:3B65H         LINE#         128
  C:3B6AH         LINE#         129
  C:3B6DH         LINE#         130
  -------         ENDPROC       _OLED_WR_BYTE
  -------         PROC          L?0080
  -------         ENDPROC       L?0080
  -------         PROC          _OLED_SET_POS
  D:0001H         SYMBOL        x
  D:0005H         SYMBOL        y
  C:3BF8H         LINE#         135
  C:3BFAH         LINE#         136
  C:3BFAH         LINE#         137
  C:3C03H         LINE#         138
  C:3C11H         LINE#         139
  -------         ENDPROC       _OLED_SET_POS
  -------         PROC          OLED_CLEAR
  -------         DO            
  D:0001H         SYMBOL        i
  X:013AH         SYMBOL        n
  -------         ENDDO         
  C:3A2DH         LINE#         156
  C:3A2DH         LINE#         157
  C:3A2DH         LINE#         159
  C:3A39H         LINE#         160
  C:3A39H         LINE#         161
  C:3A3DH         LINE#         162
  C:3A40H         LINE#         163
  C:3A47H         LINE#         164
  C:3A65H         LINE#         165
  C:3A68H         LINE#         166
  -------         ENDPROC       OLED_CLEAR
  -------         PROC          _OLED_SHOWCHAR
  X:0146H         SYMBOL        x
  X:0147H         SYMBOL        y
  D:0003H         SYMBOL        chr
  X:0149H         SYMBOL        sizey
  -------         DO            
  X:014AH         SYMBOL        c
  X:014BH         SYMBOL        sizex
  X:014CH         SYMBOL        i
  X:014EH         SYMBOL        size1
  -------         ENDDO         
  C:284CH         LINE#         172
  C:2854H         LINE#         173
  C:2854H         LINE#         174
  C:2865H         LINE#         175
  C:286AH         LINE#         176
  C:2877H         LINE#         177
  C:28A8H         LINE#         178
  C:28AFH         LINE#         179
  C:28BAH         LINE#         180
BL51 BANKED LINKER/LOCATER V6.22.2.0                                                  12/31/2022  22:54:58  PAGE 25


  C:28DAH         LINE#         181
  C:28DAH         LINE#         182
  C:28F6H         LINE#         183
  C:2919H         LINE#         184
  C:2938H         LINE#         185
  C:2969H         LINE#         187
  C:297AH         LINE#         188
  -------         ENDPROC       _OLED_SHOWCHAR
  -------         PROC          _OLED_POW
  X:0146H         SYMBOL        m
  X:0147H         SYMBOL        n
  -------         DO            
  X:0148H         SYMBOL        result
  -------         ENDDO         
  C:37B8H         LINE#         190
  C:37C0H         LINE#         191
  C:37C0H         LINE#         192
  C:37C8H         LINE#         193
  C:37F2H         LINE#         194
  C:3800H         LINE#         195
  -------         ENDPROC       _OLED_POW
  -------         PROC          _OLED_SHOWNUM
  X:013AH         SYMBOL        x
  X:013BH         SYMBOL        y
  X:013CH         SYMBOL        num
  X:0140H         SYMBOL        len
  X:0141H         SYMBOL        sizey
  -------         DO            
  X:0142H         SYMBOL        t
  X:0143H         SYMBOL        temp
  X:0144H         SYMBOL        m
  X:0145H         SYMBOL        enshow
  -------         ENDDO         
  C:2BC6H         LINE#         201
  C:2BCEH         LINE#         202
  C:2BCEH         LINE#         203
  C:2BD3H         LINE#         204
  C:2BD5H         LINE#         205
  C:2BE3H         LINE#         206
  C:2BF9H         LINE#         207
  C:2BF9H         LINE#         208
  C:2C2AH         LINE#         209
  C:2C3FH         LINE#         210
  C:2C3FH         LINE#         211
  C:2C43H         LINE#         212
  C:2C43H         LINE#         213
  C:2C64H         LINE#         214
  C:2C66H         LINE#         215
  C:2C6CH         LINE#         216
  C:2C6CH         LINE#         217
  C:2C9CH         LINE#         218
  C:2CA5H         LINE#         219
  -------         ENDPROC       _OLED_SHOWNUM
  -------         PROC          _OLED_SHOWSTRING
  X:013AH         SYMBOL        x
  X:013BH         SYMBOL        y
  X:013CH         SYMBOL        chr
BL51 BANKED LINKER/LOCATER V6.22.2.0                                                  12/31/2022  22:54:58  PAGE 26


  X:013FH         SYMBOL        sizey
  -------         DO            
  X:0140H         SYMBOL        j
  -------         ENDDO         
  C:34C8H         LINE#         221
  C:34D9H         LINE#         222
  C:34D9H         LINE#         223
  C:34DEH         LINE#         224
  C:34F7H         LINE#         225
  C:34F7H         LINE#         226
  C:351AH         LINE#         227
  C:352CH         LINE#         228
  C:3536H         LINE#         229
  C:3538H         LINE#         230
  -------         ENDPROC       _OLED_SHOWSTRING
  -------         PROC          _OLED_SHOWCHINESE
  X:013AH         SYMBOL        x
  X:013BH         SYMBOL        y
  X:013CH         SYMBOL        no
  X:013DH         SYMBOL        sizey
  -------         DO            
  X:013EH         SYMBOL        i
  X:0140H         SYMBOL        size1
  -------         ENDDO         
  C:2FA8H         LINE#         232
  C:2FB3H         LINE#         233
  C:2FB3H         LINE#         234
  C:2FE3H         LINE#         235
  C:3000H         LINE#         236
  C:3000H         LINE#         237
  C:3014H         LINE#         240
  C:3046H         LINE#         242
  C:3056H         LINE#         243
  -------         ENDPROC       _OLED_SHOWCHINESE
  -------         PROC          OLED_INIT
  C:318FH         LINE#         268
  C:318FH         LINE#         269
  C:318FH         LINE#         271
  C:3196H         LINE#         275
  C:3198H         LINE#         278
  C:319BH         LINE#         279
  C:319DH         LINE#         281
  C:31A0H         LINE#         284
  C:31A7H         LINE#         287
  C:31AEH         LINE#         288
  C:31B5H         LINE#         290
  C:31BCH         LINE#         293
  C:31C3H         LINE#         296
  C:31CAH         LINE#         297
  C:31D1H         LINE#         300
  C:31D8H         LINE#         303
  C:31DCH         LINE#         304
  C:31DFH         LINE#         307
  C:31E6H         LINE#         308
  C:31EDH         LINE#         311
  C:31F4H         LINE#         312
  C:31FBH         LINE#         314
BL51 BANKED LINKER/LOCATER V6.22.2.0                                                  12/31/2022  22:54:58  PAGE 27


  C:31FFH         LINE#         315
  C:3202H         LINE#         317
  C:3209H         LINE#         318
  C:3210H         LINE#         320
  C:3217H         LINE#         321
  C:321EH         LINE#         323
  C:3221H         LINE#         324
  -------         ENDPROC       OLED_INIT
  -------         ENDMOD        OLED

  -------         MODULE        BEEP
  C:0000H         SYMBOL        _ICE_DUMMY_
  D:0080H         PUBLIC        P0
  D:0090H         PUBLIC        P1
  D:00A0H         PUBLIC        P2
  D:00B0H         PUBLIC        P3
  D:00C0H         PUBLIC        P4
  D:00C8H         PUBLIC        P5
  D:00E8H         PUBLIC        P6
  D:00F8H         PUBLIC        P7
  D:00A8H         PUBLIC        IE
  D:00B8H         PUBLIC        IP
  D:00D8H         PUBLIC        CCON
  D:0098H         PUBLIC        SCON
  D:0088H         PUBLIC        TCON
  B:00B0H.7       PUBLIC        P37
  D:00F0H         PUBLIC        B
  D:00E0H         PUBLIC        ACC
  D:00D0H         PUBLIC        PSW
  C:371AH         PUBLIC        Beep
  -------         PROC          BEEP
  B:0020H.2       SYMBOL        x
  -------         DO            
  X:013DH         SYMBOL        TIM_InitStructure
  X:013DH         SYMBOL        TIM_InitStructure
  -------         ENDDO         
  -------         DO            
  X:013DH         SYMBOL        TIM_InitStructure
  -------         ENDDO         
  C:371AH         LINE#         12
  C:371AH         LINE#         13
  C:371AH         LINE#         14
  C:371DH         LINE#         15
  C:371DH         LINE#         17
  C:3723H         LINE#         18
  C:3726H         LINE#         19
  C:3728H         LINE#         20
  C:3730H         LINE#         21
  C:3734H         LINE#         22
  C:373EH         LINE#         23
  C:373EH         LINE#         24
  C:3741H         LINE#         25
  C:3741H         LINE#         27
  C:3746H         LINE#         28
  C:3748H         LINE#         29
  C:374AH         LINE#         30
  C:3752H         LINE#         31
BL51 BANKED LINKER/LOCATER V6.22.2.0                                                  12/31/2022  22:54:58  PAGE 28


  C:3755H         LINE#         32
  C:3760H         LINE#         33
  C:3767H         LINE#         34
  C:3769H         LINE#         35
  C:3769H         LINE#         37
  -------         ENDPROC       BEEP
  -------         ENDMOD        BEEP

  -------         MODULE        KEY
  C:0000H         SYMBOL        _ICE_DUMMY_
  D:0080H         PUBLIC        P0
  D:0090H         PUBLIC        P1
  D:00A0H         PUBLIC        P2
  D:00B0H         PUBLIC        P3
  D:00C0H         PUBLIC        P4
  D:00C8H         PUBLIC        P5
  D:00E8H         PUBLIC        P6
  D:00F8H         PUBLIC        P7
  D:00A8H         PUBLIC        IE
  D:00B8H         PUBLIC        IP
  D:00D8H         PUBLIC        CCON
  D:0098H         PUBLIC        SCON
  D:0088H         PUBLIC        TCON
  B:0090H.5       PUBLIC        P15
  B:0090H.6       PUBLIC        P16
  B:0090H.7       PUBLIC        P17
  C:3608H         PUBLIC        key_lessen
  D:00F0H         PUBLIC        B
  D:00E0H         PUBLIC        ACC
  C:366DH         PUBLIC        key_mode
  C:35A1H         PUBLIC        key_add
  D:00D0H         PUBLIC        PSW
  -------         PROC          KEY_MODE
  -------         DO            
  X:013AH         SYMBOL        i
  -------         ENDDO         
  C:366DH         LINE#         6
  C:366DH         LINE#         7
  C:366DH         LINE#         8
  C:3674H         LINE#         9
  C:3679H         LINE#         10
  C:367CH         LINE#         11
  C:367CH         LINE#         12
  C:3683H         LINE#         13
  C:3691H         LINE#         14
  C:3698H         LINE#         15
  C:36B3H         LINE#         16
  C:36C5H         LINE#         17
  C:36C7H         LINE#         18
  -------         ENDPROC       KEY_MODE
  -------         PROC          KEY_ADD
  -------         DO            
  X:013AH         SYMBOL        i
  X:019DH         SYMBOL        r
  -------         ENDDO         
  C:35A1H         LINE#         21
  C:35A1H         LINE#         22
BL51 BANKED LINKER/LOCATER V6.22.2.0                                                  12/31/2022  22:54:58  PAGE 29


  C:35A1H         LINE#         23
  C:35A8H         LINE#         25
  C:35ADH         LINE#         26
  C:35B0H         LINE#         27
  C:35B0H         LINE#         28
  C:35B7H         LINE#         29
  C:35C5H         LINE#         31
  C:35CCH         LINE#         33
  C:35ECH         LINE#         34
  C:35FDH         LINE#         35
  C:3602H         LINE#         37
  C:3607H         LINE#         38
  -------         ENDPROC       KEY_ADD
  -------         PROC          KEY_LESSEN
  -------         DO            
  X:013AH         SYMBOL        i
  X:013CH         SYMBOL        r
  -------         ENDDO         
  C:3608H         LINE#         40
  C:3608H         LINE#         41
  C:3608H         LINE#         42
  C:360FH         LINE#         44
  C:3614H         LINE#         45
  C:3617H         LINE#         46
  C:3617H         LINE#         47
  C:361EH         LINE#         48
  C:362CH         LINE#         50
  C:3633H         LINE#         51
  C:3651H         LINE#         52
  C:3662H         LINE#         53
  C:3667H         LINE#         55
  C:366CH         LINE#         56
  -------         ENDPROC       KEY_LESSEN
  -------         ENDMOD        KEY

  -------         MODULE        CH224D
  C:0000H         SYMBOL        _ICE_DUMMY_
  D:0080H         PUBLIC        P0
  D:0090H         PUBLIC        P1
  D:00A0H         PUBLIC        P2
  D:00B0H         PUBLIC        P3
  D:00C0H         PUBLIC        P4
  D:00C8H         PUBLIC        P5
  D:00E8H         PUBLIC        P6
  D:00F8H         PUBLIC        P7
  D:00A8H         PUBLIC        IE
  C:002EH         PUBLIC        power_record
  D:00B8H         PUBLIC        IP
  X:019BH         PUBLIC        power_addrs
  D:00D8H         PUBLIC        CCON
  C:36C8H         PUBLIC        power_Init
  C:39EEH         PUBLIC        v_data_out
  C:39ABH         PUBLIC        _power
  D:0098H         PUBLIC        SCON
  D:0088H         PUBLIC        TCON
  B:00B0H.3       PUBLIC        P33
  B:00B0H.4       PUBLIC        P34
BL51 BANKED LINKER/LOCATER V6.22.2.0                                                  12/31/2022  22:54:58  PAGE 30


  B:00B0H.5       PUBLIC        P35
  D:00F0H         PUBLIC        B
  D:00E0H         PUBLIC        ACC
  D:00D0H         PUBLIC        PSW
  -------         PROC          POWER_INIT
  -------         DO            
  X:0139H         SYMBOL        i
  -------         ENDDO         
  C:36C8H         LINE#         13
  C:36C8H         LINE#         14
  C:36C8H         LINE#         17
  C:36D8H         LINE#         19
  C:36F0H         LINE#         20
  C:36F7H         LINE#         22
  C:36F7H         LINE#         23
  C:3706H         LINE#         24
  C:3716H         LINE#         25
  C:3719H         LINE#         26
  C:3719H         LINE#         27
  -------         ENDPROC       POWER_INIT
  -------         PROC          POWER_RECORD
  -------         DO            
  X:0139H         SYMBOL        i
  -------         ENDDO         
  C:002EH         LINE#         38
  C:002EH         LINE#         39
  C:002EH         LINE#         42
  C:003EH         LINE#         43
  C:004EH         LINE#         44
  C:0060H         LINE#         46
  -------         ENDPROC       POWER_RECORD
  -------         PROC          _POWER
  D:0007H         SYMBOL        x
  C:39ABH         LINE#         48
  C:39ABH         LINE#         49
  C:39ABH         LINE#         50
  C:39B3H         LINE#         51
  C:39B3H         LINE#         52
  C:39B5H         LINE#         53
  C:39B9H         LINE#         54
  C:39BAH         LINE#         55
  C:39C0H         LINE#         56
  C:39C0H         LINE#         57
  C:39C6H         LINE#         58
  C:39C7H         LINE#         59
  C:39CDH         LINE#         60
  C:39CDH         LINE#         61
  C:39D1H         LINE#         62
  C:39D3H         LINE#         63
  C:39D4H         LINE#         64
  C:39DAH         LINE#         65
  C:39DAH         LINE#         66
  C:39DCH         LINE#         67
  C:39E0H         LINE#         68
  C:39E1H         LINE#         69
  C:39E7H         LINE#         70
  C:39E7H         LINE#         71
BL51 BANKED LINKER/LOCATER V6.22.2.0                                                  12/31/2022  22:54:58  PAGE 31


  C:39E9H         LINE#         72
  C:39EBH         LINE#         73
  C:39EDH         LINE#         74
  C:39EDH         LINE#         75
  -------         ENDPROC       _POWER
  -------         PROC          V_DATA_OUT
  -------         DO            
  D:0007H         SYMBOL        i
  -------         ENDDO         
  C:39EEH         LINE#         86
  C:39EEH         LINE#         87
  C:39EEH         LINE#         89
  C:39FAH         LINE#         90
  C:3A06H         LINE#         91
  C:3A12H         LINE#         92
  C:3A1EH         LINE#         93
  C:3A2AH         LINE#         95
  C:3A2CH         LINE#         96
  C:3A2CH         LINE#         97
  -------         ENDPROC       V_DATA_OUT
  -------         ENDMOD        CH224D

  -------         MODULE        EEPROM
  C:0000H         SYMBOL        _ICE_DUMMY_
  D:0080H         PUBLIC        P0
  D:0090H         PUBLIC        P1
  D:00A0H         PUBLIC        P2
  D:00B0H         PUBLIC        P3
  C:3D05H         PUBLIC        DisableEEPROM
  D:00C0H         PUBLIC        P4
  D:00C8H         PUBLIC        P5
  B:00A8H.7       PUBLIC        EA
  D:00E8H         PUBLIC        P6
  D:00F8H         PUBLIC        P7
  D:00A8H         PUBLIC        IE
  D:00C5H         PUBLIC        IAP_CMD
  C:3CD4H         PUBLIC        _EEPROM_SectorErase
  C:3ADCH         PUBLIC        _EEPROM_read_n
  D:00B8H         PUBLIC        IP
  D:00C3H         PUBLIC        IAP_ADDRH
  D:00D8H         PUBLIC        CCON
  D:00C4H         PUBLIC        IAP_ADDRL
  C:3AA3H         PUBLIC        _EEPROM_write_n
  D:00F5H         PUBLIC        IAP_TPS
  D:0098H         PUBLIC        SCON
  D:0088H         PUBLIC        TCON
  D:00F0H         PUBLIC        B
  C:3C7DH         PUBLIC        EEPROM_Trig
  D:00C7H         PUBLIC        IAP_CONTR
  D:00E0H         PUBLIC        ACC
  C:3C1AH         PUBLIC        _read_rom
  D:00C2H         PUBLIC        IAP_DATA
  C:376AH         PUBLIC        _write_rom
  D:00C6H         PUBLIC        IAP_TRIG
  B:00D0H.5       PUBLIC        F0
  D:00D0H         PUBLIC        PSW
  -------         PROC          DISABLEEEPROM
BL51 BANKED LINKER/LOCATER V6.22.2.0                                                  12/31/2022  22:54:58  PAGE 32


  C:3D05H         LINE#         29
  C:3D05H         LINE#         30
  C:3D05H         LINE#         31
  C:3D08H         LINE#         32
  C:3D0AH         LINE#         33
  C:3D0CH         LINE#         34
  C:3D0FH         LINE#         35
  C:3D12H         LINE#         36
  -------         ENDPROC       DISABLEEEPROM
  -------         PROC          L?0018
  -------         ENDPROC       L?0018
  -------         PROC          EEPROM_TRIG
  C:3C7DH         LINE#         45
  C:3C7DH         LINE#         46
  C:3C7DH         LINE#         47
  C:3C81H         LINE#         48
  C:3C83H         LINE#         49
  C:3C86H         LINE#         50
  C:3C89H         LINE#         53
  C:3C8AH         LINE#         54
  C:3C8BH         LINE#         55
  C:3C8FH         LINE#         56
  -------         ENDPROC       EEPROM_TRIG
  -------         PROC          _EEPROM_READ_N
  D:0004H         SYMBOL        EE_address
  D:0001H         SYMBOL        DataAddress
  X:0147H         SYMBOL        number
  C:3ADCH         LINE#         67
  C:3AE0H         LINE#         68
  C:3AE0H         LINE#         69
  C:3AE6H         LINE#         70
  C:3AE9H         LINE#         72
  C:3AE9H         LINE#         73
  C:3AE9H         LINE#         74
  C:3AE9H         LINE#         75
  C:3AECH         LINE#         76
  C:3AF1H         LINE#         77
  C:3AF6H         LINE#         78
  C:3AFDH         LINE#         79
  C:3AFDH         LINE#         80
  C:3B0BH         LINE#         82
  -------         ENDPROC       _EEPROM_READ_N
  -------         PROC          _EEPROM_SECTORERASE
  D:0004H         SYMBOL        EE_address
  C:3CD4H         LINE#         92
  C:3CD8H         LINE#         93
  C:3CD8H         LINE#         94
  C:3CDEH         LINE#         95
  C:3CE1H         LINE#         98
  C:3CE1H         LINE#         99
  C:3CE1H         LINE#         100
  C:3CE4H         LINE#         101
  -------         ENDPROC       _EEPROM_SECTORERASE
  -------         PROC          _EEPROM_WRITE_N
  D:0004H         SYMBOL        EE_address
  D:0001H         SYMBOL        DataAddress
  X:0145H         SYMBOL        number
BL51 BANKED LINKER/LOCATER V6.22.2.0                                                  12/31/2022  22:54:58  PAGE 33


  C:3AA3H         LINE#         113
  C:3AA7H         LINE#         114
  C:3AA7H         LINE#         115
  C:3AADH         LINE#         116
  C:3AB0H         LINE#         118
  C:3AB0H         LINE#         119
  C:3AB3H         LINE#         120
  C:3AB7H         LINE#         121
  C:3ABCH         LINE#         122
  C:3ABFH         LINE#         123
  C:3AC4H         LINE#         124
  C:3ACBH         LINE#         125
  C:3ACBH         LINE#         126
  C:3AD9H         LINE#         127
  -------         ENDPROC       _EEPROM_WRITE_N
  -------         PROC          _WRITE_ROM
  X:013AH         SYMBOL        address
  X:013CH         SYMBOL        Data_Address
  -------         DO            
  X:013EH         SYMBOL        x
  -------         ENDDO         
  C:376AH         LINE#         139
  C:377AH         LINE#         140
  C:377AH         LINE#         142
  C:378CH         LINE#         143
  C:378CH         LINE#         144
  C:378FH         LINE#         145
  C:3792H         LINE#         146
  C:379DH         LINE#         147
  C:37B7H         LINE#         148
  C:37B7H         LINE#         149
  -------         ENDPROC       _WRITE_ROM
  -------         PROC          _READ_ROM
  D:0006H         SYMBOL        address
  -------         DO            
  X:0140H         SYMBOL        dat
  -------         ENDDO         
  C:3C1AH         LINE#         160
  C:3C1AH         LINE#         161
  C:3C1AH         LINE#         163
  C:3C2CH         LINE#         164
  C:3C3DH         LINE#         165
  -------         ENDPROC       _READ_ROM
  -------         ENDMOD        EEPROM

  -------         MODULE        INTERFACE
  C:0000H         SYMBOL        _ICE_DUMMY_
  D:0080H         PUBLIC        P0
  D:0090H         PUBLIC        P1
  D:00A0H         PUBLIC        P2
  D:00B0H         PUBLIC        P3
  D:00C0H         PUBLIC        P4
  D:00C8H         PUBLIC        P5
  D:00E8H         PUBLIC        P6
  D:00F8H         PUBLIC        P7
  D:00A8H         PUBLIC        IE
  D:00B8H         PUBLIC        IP
BL51 BANKED LINKER/LOCATER V6.22.2.0                                                  12/31/2022  22:54:58  PAGE 34


  D:00D8H         PUBLIC        CCON
  D:0098H         PUBLIC        SCON
  D:0088H         PUBLIC        TCON
  C:3C90H         PUBLIC        show_Init
  D:00F0H         PUBLIC        B
  D:00E0H         PUBLIC        ACC
  C:2AA4H         PUBLIC        show_1
  C:2E43H         PUBLIC        show_2
  C:1339H         PUBLIC        show_3
  C:333BH         PUBLIC        show_4
  C:1A03H         PUBLIC        interface_show
  X:0185H         SYMBOL        z
  D:00D0H         PUBLIC        PSW
  -------         PROC          SHOW_INIT
  C:3C90H         LINE#         21
  C:3C90H         LINE#         22
  C:3C90H         LINE#         23
  C:3CA3H         LINE#         24
  -------         ENDPROC       SHOW_INIT
  -------         PROC          SHOW_1
  -------         DO            
  X:0139H         SYMBOL        i
  -------         ENDDO         
  C:2AA4H         LINE#         28
  C:2AA4H         LINE#         29
  C:2AA4H         LINE#         31
  C:2AAAH         LINE#         32
  C:2AB2H         LINE#         33
  C:2AB2H         LINE#         34
  C:2AC0H         LINE#         35
  C:2AC2H         LINE#         36
  C:2ACAH         LINE#         37
  C:2ACAH         LINE#         38
  C:2AD8H         LINE#         39
  C:2AD8H         LINE#         42
  C:2AFAH         LINE#         47
  C:2B3EH         LINE#         48
  C:2B51H         LINE#         49
  C:2B59H         LINE#         50
  C:2B59H         LINE#         51
  C:2B82H         LINE#         52
  C:2B87H         LINE#         53
  C:2B87H         LINE#         54
  C:2B9AH         LINE#         56
  C:2BB0H         LINE#         57
  C:2BC5H         LINE#         59
  -------         ENDPROC       SHOW_1
  -------         PROC          SHOW_2
  -------         DO            
  X:017DH         SYMBOL        i
  X:0182H         SYMBOL        x
  -------         ENDDO         
  C:2E43H         LINE#         61
  C:2E43H         LINE#         62
  C:2E43H         LINE#         66
  C:2E4BH         LINE#         67
  C:2E4BH         LINE#         68
BL51 BANKED LINKER/LOCATER V6.22.2.0                                                  12/31/2022  22:54:58  PAGE 35


  C:2E5BH         LINE#         70
  C:2E5BH         LINE#         71
  C:2E5BH         LINE#         72
  C:2E5BH         LINE#         73
  C:2E5BH         LINE#         74
  C:2E5DH         LINE#         75
  C:2E65H         LINE#         76
  C:2E65H         LINE#         77
  C:2E81H         LINE#         79
  C:2E93H         LINE#         80
  C:2EBDH         LINE#         81
  C:2EC0H         LINE#         82
  C:2EC7H         LINE#         83
  C:2EC7H         LINE#         84
  C:2ED6H         LINE#         87
  -------         ENDPROC       SHOW_2
  -------         PROC          SHOW_3
  -------         DO            
[...]
  C:1614H         LINE#         160
  C:161CH         LINE#         162
  C:1637H         LINE#         163
  C:164FH         LINE#         164
  C:1659H         LINE#         168
  C:167BH         LINE#         169
  C:1683H         LINE#         170
  C:1683H         LINE#         171
  C:1689H         LINE#         172
  C:168FH         LINE#         173
  C:168FH         LINE#         174
  C:16A4H         LINE#         175
  C:16B1H         LINE#         176
  C:16D3H         LINE#         177
  C:16D6H         LINE#         179
  -------         ENDPROC       SHOW_3
  -------         PROC          SHOW_4
  C:333BH         LINE#         189
  C:333BH         LINE#         190
  C:333BH         LINE#         192
  C:335DH         LINE#         194
  C:3365H         LINE#         195
  C:3365H         LINE#         196
  C:3373H         LINE#         197
  C:3375H         LINE#         198
  C:337DH         LINE#         199
  C:337DH         LINE#         200
  C:338BH         LINE#         201
  C:338BH         LINE#         202
  C:339FH         LINE#         204
  -------         ENDPROC       SHOW_4
  -------         PROC          INTERFACE_SHOW
  -------         DO            
  B:0020H.1       SYMBOL        f
  -------         ENDDO         
  C:1A03H         LINE#         216
  C:1A03H         LINE#         217
  C:1A03H         LINE#         220
  C:1A06H         LINE#         221
  C:1A15H         LINE#         222
BL51 BANKED LINKER/LOCATER V6.22.2.0                                                  12/31/2022  22:54:58  PAGE 37


  C:1A28H         LINE#         223
  C:1A3BH         LINE#         224
  C:1A41H         LINE#         225
  C:1A41H         LINE#         226
  C:1A60H         LINE#         227
  C:1A63H         LINE#         228
  C:1A71H         LINE#         229
  C:1A73H         LINE#         230
  C:1A76H         LINE#         231
  C:1A81H         LINE#         232
  C:1A81H         LINE#         233
  C:1A83H         LINE#         235
  C:1AA2H         LINE#         236
  C:1AB0H         LINE#         237
  C:1ABFH         LINE#         238
  C:1ACEH         LINE#         239
  C:1ADDH         LINE#         240
  C:1AF0H         LINE#         242
  C:1AFFH         LINE#         243
  C:1B0EH         LINE#         244
  C:1B1DH         LINE#         245
  C:1B2CH         LINE#         246
  C:1B3FH         LINE#         248
  C:1B62H         LINE#         250
  C:1B75H         LINE#         251
  C:1B88H         LINE#         252
  C:1B8BH         LINE#         253
  C:1B99H         LINE#         254
  C:1B9CH         LINE#         255
  C:1B9FH         LINE#         256
  C:1BA2H         LINE#         257
  C:1BAAH         LINE#         258
  C:1BAAH         LINE#         260
  C:1BBDH         LINE#         261
  C:1BD0H         LINE#         262
  C:1BE3H         LINE#         263
  C:1BF6H         LINE#         264
  C:1BF9H         LINE#         265
  C:1C07H         LINE#         266
  C:1C09H         LINE#         267
  C:1C0CH         LINE#         268
  C:1C17H         LINE#         269
  C:1C17H         LINE#         270
  C:1C36H         LINE#         271
  C:1C44H         LINE#         272
  C:1C53H         LINE#         273
  C:1C62H         LINE#         274
  C:1C71H         LINE#         275
  C:1C80H         LINE#         276
  C:1C8FH         LINE#         277
  C:1C9EH         LINE#         278
  C:1CADH         LINE#         279
  C:1CBCH         LINE#         281
  C:1CCFH         LINE#         282
  C:1CD2H         LINE#         284
  C:1CE3H         LINE#         285
  C:1CE6H         LINE#         287
BL51 BANKED LINKER/LOCATER V6.22.2.0                                                  12/31/2022  22:54:58  PAGE 38


  C:1CF5H         LINE#         289
  -------         ENDPROC       INTERFACE_SHOW
  -------         ENDMOD        INTERFACE

  -------         MODULE        PWM
  C:0000H         SYMBOL        _ICE_DUMMY_
  D:0080H         PUBLIC        P0
  D:0090H         PUBLIC        P1
  D:00A0H         PUBLIC        P2
  D:00B0H         PUBLIC        P3
  D:00C0H         PUBLIC        P4
  D:00C8H         PUBLIC        P5
  D:00E8H         PUBLIC        P6
  D:00F8H         PUBLIC        P7
  D:00BAH         PUBLIC        P_SW2
  D:00A8H         PUBLIC        IE
  D:00EEH         PUBLIC        IP3H
  D:00B8H         PUBLIC        IP
  C:3C5AH         PUBLIC        _UpdatePwm
  D:00D8H         PUBLIC        CCON
  D:0098H         PUBLIC        SCON
  D:0088H         PUBLIC        TCON
  C:2319H         PUBLIC        _PWM_Configuration
  D:00F0H         PUBLIC        B
  D:00E0H         PUBLIC        ACC
  D:00DFH         PUBLIC        IP3
  D:00D0H         PUBLIC        PSW
  -------         PROC          _PWM_CONFIGURATION
  D:0007H         SYMBOL        PWM
  D:0001H         SYMBOL        PWMx
  C:2319H         LINE#         15
  C:2319H         LINE#         16
  C:2319H         LINE#         17
  C:2321H         LINE#         18
  C:2321H         LINE#         19
  C:2324H         LINE#         22
  C:2363H         LINE#         26
  C:2368H         LINE#         27
  C:236AH         LINE#         29
  C:2376H         LINE#         32
  C:2389H         LINE#         33
  C:238DH         LINE#         34
  C:23A0H         LINE#         35
  C:23A4H         LINE#         41
  C:23B7H         LINE#         42
  C:23BBH         LINE#         43
  C:23CEH         LINE#         44
  C:23D2H         LINE#         54
  C:23E2H         LINE#         56
  C:23F2H         LINE#         60
  C:240EH         LINE#         61
  C:2418H         LINE#         62
  C:2422H         LINE#         63
  C:242CH         LINE#         65
  C:243FH         LINE#         66
  C:2443H         LINE#         67
  C:2456H         LINE#         68
BL51 BANKED LINKER/LOCATER V6.22.2.0                                                  12/31/2022  22:54:58  PAGE 39


  C:245AH         LINE#         69
  C:246DH         LINE#         70
  C:2471H         LINE#         72
  C:2474H         LINE#         73
  C:2477H         LINE#         74
  C:2477H         LINE#         124
  C:2479H         LINE#         125
  -------         ENDPROC       _PWM_CONFIGURATION
  -------         PROC          _UPDATEPWM
  D:0007H         SYMBOL        PWM
  D:0001H         SYMBOL        PWMx
  C:3C5AH         LINE#         130
  C:3C5AH         LINE#         131
  C:3C5AH         LINE#         132
  C:3C5DH         LINE#         134
  C:3C62H         LINE#         135
  C:3C62H         LINE#         137
  C:3C72H         LINE#         140
  C:3C72H         LINE#         149
  C:3C75H         LINE#         150
  -------         ENDPROC       _UPDATEPWM
  -------         ENDMOD        PWM

  -------         MODULE        SPARK_T12_PID
  C:0000H         SYMBOL        _ICE_DUMMY_
  D:0080H         PUBLIC        P0
  D:0090H         PUBLIC        P1
  D:00A0H         PUBLIC        P2
  D:00B0H         PUBLIC        P3
  D:00C0H         PUBLIC        P4
  D:00C8H         PUBLIC        P5
  D:00E8H         PUBLIC        P6
  D:00F8H         PUBLIC        P7
  C:25D0H         PUBLIC        _filter
  D:00A8H         PUBLIC        IE
  D:00B8H         PUBLIC        IP
  X:016BH         PUBLIC        present_temp
  D:00D8H         PUBLIC        CCON
  X:016DH         PUBLIC        expect_temp
  X:016FH         PUBLIC        Ek
  D:0098H         PUBLIC        SCON
  D:0088H         PUBLIC        TCON
  X:0171H         PUBLIC        Td
  X:0173H         PUBLIC        Kp
  X:0175H         PUBLIC        Ti
  X:0177H         SYMBOL        Ek_1
  D:00F0H         PUBLIC        B
  X:0179H         SYMBOL        Ek_2
  D:00E0H         PUBLIC        ACC
  X:017BH         PUBLIC        T
  C:2CA6H         PUBLIC        _PID
  C:247AH         PUBLIC        _order_fitting
  D:00D0H         PUBLIC        PSW
  -------         PROC          _PID
  D:0006H         SYMBOL        E
  D:0004H         SYMBOL        K
  -------         DO            
BL51 BANKED LINKER/LOCATER V6.22.2.0                                                  12/31/2022  22:54:58  PAGE 40


  D:0006H         SYMBOL        Output
  -------         ENDDO         
  C:2CA6H         LINE#         21
  C:2CA6H         LINE#         22
  C:2CA6H         LINE#         24
  C:2CB5H         LINE#         25
  C:2D5DH         LINE#         26
  C:2D6AH         LINE#         27
  C:2D79H         LINE#         28
  -------         ENDPROC       _PID
  -------         PROC          _ORDER_FITTING
  X:0107H         SYMBOL        dat
  -------         DO            
  D:0006H         SYMBOL        temp
  -------         ENDDO         
  C:247AH         LINE#         64
  C:2482H         LINE#         65
  C:2482H         LINE#         67
  -------         ENDPROC       _ORDER_FITTING
  -------         PROC          _FILTER
  X:0107H         SYMBOL        Num
  -------         DO            
  X:0108H         SYMBOL        temp
  X:0130H         SYMBOL        max
  D:0006H         SYMBOL        mini
  D:0006H         SYMBOL        mean
  X:0132H         SYMBOL        sum
  X:0134H         SYMBOL        i
  X:0135H         SYMBOL        Vref
  -------         ENDDO         
  C:25D0H         LINE#         78
  C:25D5H         LINE#         79
  C:25D5H         LINE#         81
  C:25DCH         LINE#         84
  C:25EBH         LINE#         85
  C:25EBH         LINE#         86
  C:2609H         LINE#         87
  C:262FH         LINE#         88
  C:2637H         LINE#         90
  C:2647H         LINE#         91
  C:2647H         LINE#         93
  C:265AH         LINE#         94
  C:265AH         LINE#         95
  C:2678H         LINE#         96
  C:2693H         LINE#         97
  C:26ADH         LINE#         98
  C:26B1H         LINE#         99
  C:26B9H         LINE#         100
  C:26CCH         LINE#         101
  C:26CCH         LINE#         102
  C:26E9H         LINE#         103
  C:26F1H         LINE#         104
  -------         ENDPROC       _FILTER
  -------         ENDMOD        SPARK_T12_PID

  -------         MODULE        SLEEP
  C:0000H         SYMBOL        _ICE_DUMMY_
BL51 BANKED LINKER/LOCATER V6.22.2.0                                                  12/31/2022  22:54:58  PAGE 41


  D:0080H         PUBLIC        P0
  D:0090H         PUBLIC        P1
  X:0188H         PUBLIC        sleep_time_s
  D:00A0H         PUBLIC        P2
  D:00B0H         PUBLIC        P3
  D:00C0H         PUBLIC        P4
  D:00C8H         PUBLIC        P5
  D:00E8H         PUBLIC        P6
  D:00F8H         PUBLIC        P7
  D:00A8H         PUBLIC        IE
  D:00B8H         PUBLIC        IP
  C:3849H         PUBLIC        sleep_mode
  D:00D8H         PUBLIC        CCON
  X:018AH         PUBLIC        sleep_io_v
  B:0090H.2       PUBLIC        P12
  B:0020H.3       PUBLIC        sleep_fig
  D:0098H         PUBLIC        SCON
  D:0088H         PUBLIC        TCON
  C:391FH         PUBLIC        sleep_PWM_SET
  C:2EF8H         PUBLIC        sleep_show
  D:00F0H         PUBLIC        B
  D:00E0H         PUBLIC        ACC
  C:3801H         PUBLIC        sleep_PWM_RST
  X:018CH         PUBLIC        set_sleep_time
  D:00D0H         PUBLIC        PSW
  -------         PROC          SLEEP_PWM_RST
  -------         DO            
  X:013AH         SYMBOL        PWMx_InitStructure
  -------         ENDDO         
  C:3801H         LINE#         14
  C:3801H         LINE#         15
  C:3801H         LINE#         17
  C:3807H         LINE#         18
  C:380DH         LINE#         19
  C:3815H         LINE#         20
  C:3824H         LINE#         21
  C:3827H         LINE#         22
  C:382DH         LINE#         23
  C:3832H         LINE#         24
  C:3836H         LINE#         25
  C:383AH         LINE#         26
  C:383EH         LINE#         27
  -------         ENDPROC       SLEEP_PWM_RST
  -------         PROC          SLEEP_PWM_SET
  -------         DO            
  X:013AH         SYMBOL        PWMx_InitStructure
  -------         ENDDO         
  C:391FH         LINE#         40
  C:391FH         LINE#         41
  C:391FH         LINE#         44
  C:3925H         LINE#         45
  C:392BH         LINE#         46
  C:3933H         LINE#         47
  C:3942H         LINE#         48
  C:3945H         LINE#         49
  C:394BH         LINE#         50
  C:3950H         LINE#         51
BL51 BANKED LINKER/LOCATER V6.22.2.0                                                  12/31/2022  22:54:58  PAGE 42


  C:3955H         LINE#         52
  C:3959H         LINE#         53
  C:395DH         LINE#         54
  -------         ENDPROC       SLEEP_PWM_SET
  -------         PROC          SLEEP_SHOW
  -------         DO            
  X:0186H         SYMBOL        i
  -------         ENDDO         
  C:2EF8H         LINE#         67
  C:2EF8H         LINE#         68
  C:2EF8H         LINE#         70
  C:2F06H         LINE#         71
  C:2F1CH         LINE#         73
  C:2F2FH         LINE#         74
  C:2F2FH         LINE#         75
  C:2F32H         LINE#         76
  C:2F4EH         LINE#         77
  C:2F6EH         LINE#         78
  C:2F8DH         LINE#         79
  C:2F8DH         LINE#         80
  C:2F94H         LINE#         82
  C:2FA7H         LINE#         83
  -------         ENDPROC       SLEEP_SHOW
  -------         PROC          SLEEP_MODE
  C:3849H         LINE#         96
  C:3849H         LINE#         97
  C:3849H         LINE#         98
  C:384CH         LINE#         99
  C:384FH         LINE#         100
  C:3851H         LINE#         101
  C:3853H         LINE#         102
  C:3853H         LINE#         103
  C:3853H         LINE#         104
  C:3856H         LINE#         105
  C:386CH         LINE#         107
  C:3888H         LINE#         108
  C:3888H         LINE#         109
  C:388BH         LINE#         110
  C:388EH         LINE#         111
  C:388EH         LINE#         112
  C:388EH         LINE#         113
  C:388EH         LINE#         114
  C:3890H         LINE#         116
  -------         ENDPROC       SLEEP_MODE
  -------         ENDMOD        SLEEP

  -------         MODULE        ?C?FPADD
  C:0B97H         PUBLIC        ?C?FPADD
  C:0B93H         PUBLIC        ?C?FPSUB
  -------         ENDMOD        ?C?FPADD

  -------         MODULE        ?C?FPMUL
  C:0C88H         PUBLIC        ?C?FPMUL
  -------         ENDMOD        ?C?FPMUL

  -------         MODULE        ?C?FCAST
  C:0D98H         PUBLIC        ?C?FCASTC
BL51 BANKED LINKER/LOCATER V6.22.2.0                                                  12/31/2022  22:54:58  PAGE 43


  C:0D93H         PUBLIC        ?C?FCASTI
  C:0D8EH         PUBLIC        ?C?FCASTL
  -------         ENDMOD        ?C?FCAST

  -------         MODULE        ?C?CASTF
  C:0DCCH         PUBLIC        ?C?CASTF
  -------         ENDMOD        ?C?CASTF

  -------         MODULE        POW
  X:0109H         PUBLIC        ?_pow?BYTE
  C:21B3H         PUBLIC        _pow
  -------         ENDMOD        POW

  -------         MODULE        ?C?CHKFLOAT
  C:0E4DH         PUBLIC        ?C?CHKFLOAT
  -------         ENDMOD        ?C?CHKFLOAT

  -------         MODULE        ?C?FPCMP
  C:0E69H         PUBLIC        ?C?FPCMP
  C:0E67H         PUBLIC        ?C?FPCMP3
  -------         ENDMOD        ?C?FPCMP

  -------         MODULE        ?C?FPNEG
  C:0EE0H         PUBLIC        ?C?FPNEG
  -------         ENDMOD        ?C?FPNEG

  -------         MODULE        EXP
  C:312DH         PUBLIC        _EXP
  -------         ENDMOD        EXP

  -------         MODULE        LOG
  C:29AFH         PUBLIC        _LOG
  C:29ABH         PUBLIC        _LOG10
  -------         ENDMOD        LOG

  -------         MODULE        ?C?FPDIV
  C:0EF4H         PUBLIC        ?C?FPDIV
  -------         ENDMOD        ?C?FPDIV

  -------         MODULE        ?C?CLDPTR
  C:0FDEH         PUBLIC        ?C?CLDPTR
  -------         ENDMOD        ?C?CLDPTR

  -------         MODULE        ?C?CLDOPTR
  C:0FF7H         PUBLIC        ?C?CLDOPTR
  -------         ENDMOD        ?C?CLDOPTR

  -------         MODULE        ?C?CSTPTR
  C:1024H         PUBLIC        ?C?CSTPTR
  -------         ENDMOD        ?C?CSTPTR

  -------         MODULE        ?C?IMUL
  C:1036H         PUBLIC        ?C?IMUL
  -------         ENDMOD        ?C?IMUL

  -------         MODULE        ?C?UIDIV
  C:1048H         PUBLIC        ?C?UIDIV
BL51 BANKED LINKER/LOCATER V6.22.2.0                                                  12/31/2022  22:54:58  PAGE 44


  -------         ENDMOD        ?C?UIDIV

  -------         MODULE        ?C?SIDIV
  C:109DH         PUBLIC        ?C?SIDIV
  -------         ENDMOD        ?C?SIDIV

  -------         MODULE        ?C?IILDX
  C:10D3H         PUBLIC        ?C?IILDX
  -------         ENDMOD        ?C?IILDX

  -------         MODULE        ?C?ILDOPTR
  C:10E9H         PUBLIC        ?C?ILDOPTR
  -------         ENDMOD        ?C?ILDOPTR

  -------         MODULE        ?C?LMUL
  C:1121H         PUBLIC        ?C?LMUL
  -------         ENDMOD        ?C?LMUL

  -------         MODULE        ?C?ULDIV
  C:11ACH         PUBLIC        ?C?ULDIV
  -------         ENDMOD        ?C?ULDIV

  -------         MODULE        ?C?LNEG
  C:123EH         PUBLIC        ?C?LNEG
  -------         ENDMOD        ?C?LNEG

  -------         MODULE        ?C?SLCMP
  C:124CH         PUBLIC        ?C?SLCMP
  -------         ENDMOD        ?C?SLCMP

  -------         MODULE        ?C?ULCMP
  C:1262H         PUBLIC        ?C?ULCMP
  -------         ENDMOD        ?C?ULCMP

  -------         MODULE        ?C?ULSHR
  C:1273H         PUBLIC        ?C?ULSHR
  -------         ENDMOD        ?C?ULSHR

  -------         MODULE        ?C?LLDCODE
  C:1286H         PUBLIC        ?C?LLDCODE
  -------         ENDMOD        ?C?LLDCODE

  -------         MODULE        ?C?LLDXDATA0
  C:1296H         PUBLIC        ?C?LLDXDATA0
  -------         ENDMOD        ?C?LLDXDATA0

  -------         MODULE        ?C?LLDCODE0
  C:12A2H         PUBLIC        ?C?LLDCODE0
  -------         ENDMOD        ?C?LLDCODE0

  -------         MODULE        ?C?LLDOPTR0
  C:12B2H         PUBLIC        ?C?LLDOPTR0
  -------         ENDMOD        ?C?LLDOPTR0

  -------         MODULE        ?C?LSTXDATA
  C:12E2H         PUBLIC        ?C?LSTXDATA
  -------         ENDMOD        ?C?LSTXDATA
BL51 BANKED LINKER/LOCATER V6.22.2.0                                                  12/31/2022  22:54:58  PAGE 45



  -------         MODULE        ?C?LSTKXDATA
  C:12EEH         PUBLIC        ?C?LSTKXDATA
  -------         ENDMOD        ?C?LSTKXDATA

  -------         MODULE        ABS
  C:3D13H         PUBLIC        _ABS
  -------         ENDMOD        ABS

  -------         MODULE        ?C?LLDIDATA0
  C:131FH         PUBLIC        ?C?LLDIDATA0
  -------         ENDMOD        ?C?LLDIDATA0

  -------         MODULE        ?C?LLDPDATA0
  C:132CH         PUBLIC        ?C?LLDPDATA0
  -------         ENDMOD        ?C?LLDPDATA0

*** WARNING L13: RECURSIVE CALL TO SEGMENT
    SEGMENT: ?PR?INTERFACE_SHOW?INTERFACE
    CALLER:  ?PR?SLEEP_MODE?SLEEP

*** WARNING L16: UNCALLED SEGMENT, IGNORED FOR OVERLAY PROCESS
    SEGMENT: ?PR?_UART_CONFIGURATION?UART

*** WARNING L16: UNCALLED SEGMENT, IGNORED FOR OVERLAY PROCESS
    SEGMENT: ?PR?_PRINTSTRING1?UART

Program Size: data=9.4 xdata=414 code=15653
LINK/LOCATE RUN COMPLETE.  3 WARNING(S),  0 ERROR(S)
